<?xml version="1.0" encoding="windows-1256" standalone="no"?>
<!DOCTYPE log SYSTEM "logger.dtd">
<log>
<record>
  <date>2018-12-10T00:06:00</date>
  <millis>1544389560233</millis>
  <sequence>0</sequence>
  <logger>eg.edu.alexu.csd.oop.jdbc.cs43.MyLogger</logger>
  <level>INFO</level>
  <class>eg.edu.alexu.csd.oop.jdbc.cs43.JDBCDriver</class>
  <method>acceptsURL</method>
  <thread>1</thread>
  <message>url is accepted , jdbc driver is active now</message>
</record>
<record>
  <date>2018-12-10T00:06:00</date>
  <millis>1544389560236</millis>
  <sequence>1</sequence>
  <logger>eg.edu.alexu.csd.oop.jdbc.cs43.MyLogger</logger>
  <level>INFO</level>
  <class>eg.edu.alexu.csd.oop.jdbc.cs43.JDBCDriver</class>
  <method>connect</method>
  <thread>1</thread>
  <message>driver is connected to the pathC:\Users\SHIKO\git\JDBC\sample\14204</message>
</record>
<record>
  <date>2018-12-10T00:06:00</date>
  <millis>1544389560236</millis>
  <sequence>2</sequence>
  <logger>eg.edu.alexu.csd.oop.jdbc.cs43.MyLogger</logger>
  <level>INFO</level>
  <class>eg.edu.alexu.csd.oop.jdbc.cs43.MyConnection</class>
  <method>createStatement</method>
  <thread>1</thread>
  <message>a statement is created</message>
</record>
<record>
  <date>2018-12-10T00:06:00</date>
  <millis>1544389560237</millis>
  <sequence>3</sequence>
  <logger>eg.edu.alexu.csd.oop.jdbc.cs43.MyLogger</logger>
  <level>WARNING</level>
  <class>eg.edu.alexu.csd.oop.jdbc.cs43.MyConnection</class>
  <method>createStatement</method>
  <thread>1</thread>
  <message>call statement.close() to save changes</message>
</record>
<record>
  <date>2018-12-10T00:06:00</date>
  <millis>1544389560256</millis>
  <sequence>4</sequence>
  <logger>eg.edu.alexu.csd.oop.jdbc.cs43.MyLogger</logger>
  <level>INFO</level>
  <class>eg.edu.alexu.csd.oop.jdbc.cs43.MyStatement</class>
  <method>execute</method>
  <thread>1</thread>
  <message>a structure query is executed</message>
</record>
<record>
  <date>2018-12-10T00:06:00</date>
  <millis>1544389560260</millis>
  <sequence>5</sequence>
  <logger>eg.edu.alexu.csd.oop.jdbc.cs43.MyLogger</logger>
  <level>INFO</level>
  <class>eg.edu.alexu.csd.oop.jdbc.cs43.MyStatement</class>
  <method>execute</method>
  <thread>1</thread>
  <message>a structure query is executed</message>
</record>
<record>
  <date>2018-12-10T00:06:00</date>
  <millis>1544389560261</millis>
  <sequence>6</sequence>
  <logger>eg.edu.alexu.csd.oop.jdbc.cs43.MyLogger</logger>
  <level>INFO</level>
  <class>eg.edu.alexu.csd.oop.jdbc.cs43.MyStatement</class>
  <method>close</method>
  <thread>1</thread>
  <message>a statment is closed</message>
</record>
<record>
  <date>2018-12-10T00:06:00</date>
  <millis>1544389560262</millis>
  <sequence>7</sequence>
  <logger>eg.edu.alexu.csd.oop.jdbc.cs43.MyLogger</logger>
  <level>INFO</level>
  <class>eg.edu.alexu.csd.oop.jdbc.cs43.MyConnection</class>
  <method>createStatement</method>
  <thread>1</thread>
  <message>a statement is created</message>
</record>
<record>
  <date>2018-12-10T00:06:00</date>
  <millis>1544389560263</millis>
  <sequence>8</sequence>
  <logger>eg.edu.alexu.csd.oop.jdbc.cs43.MyLogger</logger>
  <level>WARNING</level>
  <class>eg.edu.alexu.csd.oop.jdbc.cs43.MyConnection</class>
  <method>createStatement</method>
  <thread>1</thread>
  <message>call statement.close() to save changes</message>
</record>
<record>
  <date>2018-12-10T00:06:00</date>
  <millis>1544389560340</millis>
  <sequence>9</sequence>
  <logger>eg.edu.alexu.csd.oop.jdbc.cs43.MyLogger</logger>
  <level>INFO</level>
  <class>eg.edu.alexu.csd.oop.jdbc.cs43.MyStatement</class>
  <method>execute</method>
  <thread>1</thread>
  <message>a structure query is executed</message>
</record>
<record>
  <date>2018-12-10T00:06:00</date>
  <millis>1544389560341</millis>
  <sequence>10</sequence>
  <logger>eg.edu.alexu.csd.oop.jdbc.cs43.MyLogger</logger>
  <level>INFO</level>
  <class>eg.edu.alexu.csd.oop.jdbc.cs43.MyStatement</class>
  <method>close</method>
  <thread>1</thread>
  <message>a statment is closed</message>
</record>
<record>
  <date>2018-12-10T00:06:00</date>
  <millis>1544389560342</millis>
  <sequence>11</sequence>
  <logger>eg.edu.alexu.csd.oop.jdbc.cs43.MyLogger</logger>
  <level>INFO</level>
  <class>eg.edu.alexu.csd.oop.jdbc.cs43.MyConnection</class>
  <method>createStatement</method>
  <thread>1</thread>
  <message>a statement is created</message>
</record>
<record>
  <date>2018-12-10T00:06:00</date>
  <millis>1544389560344</millis>
  <sequence>12</sequence>
  <logger>eg.edu.alexu.csd.oop.jdbc.cs43.MyLogger</logger>
  <level>WARNING</level>
  <class>eg.edu.alexu.csd.oop.jdbc.cs43.MyConnection</class>
  <method>createStatement</method>
  <thread>1</thread>
  <message>call statement.close() to save changes</message>
</record>
<record>
  <date>2018-12-10T00:06:00</date>
  <millis>1544389560355</millis>
  <sequence>13</sequence>
  <logger>eg.edu.alexu.csd.oop.jdbc.cs43.MyLogger</logger>
  <level>INFO</level>
  <class>eg.edu.alexu.csd.oop.jdbc.cs43.MyStatement</class>
  <method>execute</method>
  <thread>1</thread>
  <message>a structure query is executed</message>
</record>
<record>
  <date>2018-12-10T00:06:00</date>
  <millis>1544389560357</millis>
  <sequence>14</sequence>
  <logger>eg.edu.alexu.csd.oop.jdbc.cs43.MyLogger</logger>
  <level>INFO</level>
  <class>eg.edu.alexu.csd.oop.jdbc.cs43.MyConnection</class>
  <method>createStatement</method>
  <thread>1</thread>
  <message>a statement is created</message>
</record>
<record>
  <date>2018-12-10T00:06:00</date>
  <millis>1544389560358</millis>
  <sequence>15</sequence>
  <logger>eg.edu.alexu.csd.oop.jdbc.cs43.MyLogger</logger>
  <level>WARNING</level>
  <class>eg.edu.alexu.csd.oop.jdbc.cs43.MyConnection</class>
  <method>createStatement</method>
  <thread>1</thread>
  <message>call statement.close() to save changes</message>
</record>
<record>
  <date>2018-12-10T00:06:00</date>
  <millis>1544389560367</millis>
  <sequence>16</sequence>
  <logger>eg.edu.alexu.csd.oop.jdbc.cs43.MyLogger</logger>
  <level>INFO</level>
  <class>eg.edu.alexu.csd.oop.jdbc.cs43.MyStatement</class>
  <method>execute</method>
  <thread>1</thread>
  <message>a structure query is executed</message>
</record>
<record>
  <date>2018-12-10T00:06:00</date>
  <millis>1544389560369</millis>
  <sequence>17</sequence>
  <logger>eg.edu.alexu.csd.oop.jdbc.cs43.MyLogger</logger>
  <level>INFO</level>
  <class>eg.edu.alexu.csd.oop.jdbc.cs43.MyConnection</class>
  <method>createStatement</method>
  <thread>1</thread>
  <message>a statement is created</message>
</record>
<record>
  <date>2018-12-10T00:06:00</date>
  <millis>1544389560369</millis>
  <sequence>18</sequence>
  <logger>eg.edu.alexu.csd.oop.jdbc.cs43.MyLogger</logger>
  <level>WARNING</level>
  <class>eg.edu.alexu.csd.oop.jdbc.cs43.MyConnection</class>
  <method>createStatement</method>
  <thread>1</thread>
  <message>call statement.close() to save changes</message>
</record>
<record>
  <date>2018-12-10T00:06:00</date>
  <millis>1544389560386</millis>
  <sequence>19</sequence>
  <logger>eg.edu.alexu.csd.oop.jdbc.cs43.MyLogger</logger>
  <level>INFO</level>
  <class>eg.edu.alexu.csd.oop.jdbc.cs43.MyStatement</class>
  <method>execute</method>
  <thread>1</thread>
  <message>a structure query is executed</message>
</record>
<record>
  <date>2018-12-10T00:06:00</date>
  <millis>1544389560407</millis>
  <sequence>20</sequence>
  <logger>eg.edu.alexu.csd.oop.jdbc.cs43.MyLogger</logger>
  <level>INFO</level>
  <class>eg.edu.alexu.csd.oop.jdbc.cs43.MyStatement$4</class>
  <method>run</method>
  <thread>23</thread>
  <message>an update query is executed</message>
</record>
<record>
  <date>2018-12-10T00:06:00</date>
  <millis>1544389560414</millis>
  <sequence>21</sequence>
  <logger>eg.edu.alexu.csd.oop.jdbc.cs43.MyLogger</logger>
  <level>INFO</level>
  <class>eg.edu.alexu.csd.oop.jdbc.cs43.MyStatement$4</class>
  <method>run</method>
  <thread>25</thread>
  <message>an update query is executed</message>
</record>
<record>
  <date>2018-12-10T00:06:00</date>
  <millis>1544389560415</millis>
  <sequence>22</sequence>
  <logger>eg.edu.alexu.csd.oop.jdbc.cs43.MyLogger</logger>
  <level>INFO</level>
  <class>eg.edu.alexu.csd.oop.jdbc.cs43.MyStatement</class>
  <method>close</method>
  <thread>1</thread>
  <message>a statment is closed</message>
</record>
<record>
  <date>2018-12-10T00:06:00</date>
  <millis>1544389560425</millis>
  <sequence>23</sequence>
  <logger>eg.edu.alexu.csd.oop.jdbc.cs43.MyLogger</logger>
  <level>INFO</level>
  <class>eg.edu.alexu.csd.oop.jdbc.cs43.MyConnection</class>
  <method>createStatement</method>
  <thread>1</thread>
  <message>a statement is created</message>
</record>
<record>
  <date>2018-12-10T00:06:00</date>
  <millis>1544389560425</millis>
  <sequence>24</sequence>
  <logger>eg.edu.alexu.csd.oop.jdbc.cs43.MyLogger</logger>
  <level>WARNING</level>
  <class>eg.edu.alexu.csd.oop.jdbc.cs43.MyConnection</class>
  <method>createStatement</method>
  <thread>1</thread>
  <message>call statement.close() to save changes</message>
</record>
<record>
  <date>2018-12-10T00:06:00</date>
  <millis>1544389560439</millis>
  <sequence>25</sequence>
  <logger>eg.edu.alexu.csd.oop.jdbc.cs43.MyLogger</logger>
  <level>INFO</level>
  <class>eg.edu.alexu.csd.oop.jdbc.cs43.MyStatement</class>
  <method>execute</method>
  <thread>1</thread>
  <message>a structure query is executed</message>
</record>
<record>
  <date>2018-12-10T00:06:00</date>
  <millis>1544389560453</millis>
  <sequence>26</sequence>
  <logger>eg.edu.alexu.csd.oop.jdbc.cs43.MyLogger</logger>
  <level>INFO</level>
  <class>eg.edu.alexu.csd.oop.jdbc.cs43.MyStatement$4</class>
  <method>run</method>
  <thread>27</thread>
  <message>an update query is executed</message>
</record>
<record>
  <date>2018-12-10T00:06:00</date>
  <millis>1544389560455</millis>
  <sequence>27</sequence>
  <logger>eg.edu.alexu.csd.oop.jdbc.cs43.MyLogger</logger>
  <level>INFO</level>
  <class>eg.edu.alexu.csd.oop.jdbc.cs43.MyStatement$4</class>
  <method>run</method>
  <thread>29</thread>
  <message>an update query is executed</message>
</record>
<record>
  <date>2018-12-10T00:06:00</date>
  <millis>1544389560458</millis>
  <sequence>28</sequence>
  <logger>eg.edu.alexu.csd.oop.jdbc.cs43.MyLogger</logger>
  <level>INFO</level>
  <class>eg.edu.alexu.csd.oop.jdbc.cs43.MyStatement</class>
  <method>close</method>
  <thread>1</thread>
  <message>a statment is closed</message>
</record>
<record>
  <date>2018-12-10T00:06:00</date>
  <millis>1544389560466</millis>
  <sequence>29</sequence>
  <logger>eg.edu.alexu.csd.oop.jdbc.cs43.MyLogger</logger>
  <level>INFO</level>
  <class>eg.edu.alexu.csd.oop.jdbc.cs43.MyConnection</class>
  <method>createStatement</method>
  <thread>1</thread>
  <message>a statement is created</message>
</record>
<record>
  <date>2018-12-10T00:06:00</date>
  <millis>1544389560467</millis>
  <sequence>30</sequence>
  <logger>eg.edu.alexu.csd.oop.jdbc.cs43.MyLogger</logger>
  <level>WARNING</level>
  <class>eg.edu.alexu.csd.oop.jdbc.cs43.MyConnection</class>
  <method>createStatement</method>
  <thread>1</thread>
  <message>call statement.close() to save changes</message>
</record>
<record>
  <date>2018-12-10T00:06:00</date>
  <millis>1544389560483</millis>
  <sequence>31</sequence>
  <logger>eg.edu.alexu.csd.oop.jdbc.cs43.MyLogger</logger>
  <level>INFO</level>
  <class>eg.edu.alexu.csd.oop.jdbc.cs43.MyStatement</class>
  <method>execute</method>
  <thread>1</thread>
  <message>a structure query is executed</message>
</record>
<record>
  <date>2018-12-10T00:06:00</date>
  <millis>1544389560485</millis>
  <sequence>32</sequence>
  <logger>eg.edu.alexu.csd.oop.jdbc.cs43.MyLogger</logger>
  <level>INFO</level>
  <class>eg.edu.alexu.csd.oop.jdbc.cs43.MyConnection</class>
  <method>createStatement</method>
  <thread>1</thread>
  <message>a statement is created</message>
</record>
<record>
  <date>2018-12-10T00:06:00</date>
  <millis>1544389560485</millis>
  <sequence>33</sequence>
  <logger>eg.edu.alexu.csd.oop.jdbc.cs43.MyLogger</logger>
  <level>WARNING</level>
  <class>eg.edu.alexu.csd.oop.jdbc.cs43.MyConnection</class>
  <method>createStatement</method>
  <thread>1</thread>
  <message>call statement.close() to save changes</message>
</record>
<record>
  <date>2018-12-10T00:06:00</date>
  <millis>1544389560499</millis>
  <sequence>34</sequence>
  <logger>eg.edu.alexu.csd.oop.jdbc.cs43.MyLogger</logger>
  <level>INFO</level>
  <class>eg.edu.alexu.csd.oop.jdbc.cs43.MyStatement</class>
  <method>execute</method>
  <thread>1</thread>
  <message>a structure query is executed</message>
</record>
<record>
  <date>2018-12-10T00:06:00</date>
  <millis>1544389560500</millis>
  <sequence>35</sequence>
  <logger>eg.edu.alexu.csd.oop.jdbc.cs43.MyLogger</logger>
  <level>INFO</level>
  <class>eg.edu.alexu.csd.oop.jdbc.cs43.MyStatement$4</class>
  <method>run</method>
  <thread>33</thread>
  <message>an update query is executed</message>
</record>
<record>
  <date>2018-12-10T00:06:00</date>
  <millis>1544389560501</millis>
  <sequence>36</sequence>
  <logger>eg.edu.alexu.csd.oop.jdbc.cs43.MyLogger</logger>
  <level>INFO</level>
  <class>eg.edu.alexu.csd.oop.jdbc.cs43.MyStatement</class>
  <method>close</method>
  <thread>1</thread>
  <message>a statment is closed</message>
</record>
<record>
  <date>2018-12-10T00:06:00</date>
  <millis>1544389560501</millis>
  <sequence>37</sequence>
  <logger>eg.edu.alexu.csd.oop.jdbc.cs43.MyLogger</logger>
  <level>INFO</level>
  <class>eg.edu.alexu.csd.oop.jdbc.cs43.MyConnection</class>
  <method>createStatement</method>
  <thread>1</thread>
  <message>a statement is created</message>
</record>
<record>
  <date>2018-12-10T00:06:00</date>
  <millis>1544389560501</millis>
  <sequence>38</sequence>
  <logger>eg.edu.alexu.csd.oop.jdbc.cs43.MyLogger</logger>
  <level>WARNING</level>
  <class>eg.edu.alexu.csd.oop.jdbc.cs43.MyConnection</class>
  <method>createStatement</method>
  <thread>1</thread>
  <message>call statement.close() to save changes</message>
</record>
<record>
  <date>2018-12-10T00:06:00</date>
  <millis>1544389560503</millis>
  <sequence>39</sequence>
  <logger>eg.edu.alexu.csd.oop.jdbc.cs43.MyLogger</logger>
  <level>INFO</level>
  <class>eg.edu.alexu.csd.oop.jdbc.cs43.MyStatement$4</class>
  <method>run</method>
  <thread>34</thread>
  <message>an update query is executed</message>
</record>
<record>
  <date>2018-12-10T00:06:00</date>
  <millis>1544389560504</millis>
  <sequence>40</sequence>
  <logger>eg.edu.alexu.csd.oop.jdbc.cs43.MyLogger</logger>
  <level>INFO</level>
  <class>eg.edu.alexu.csd.oop.jdbc.cs43.MyStatement</class>
  <method>close</method>
  <thread>1</thread>
  <message>a statment is closed</message>
</record>
<record>
  <date>2018-12-10T00:06:00</date>
  <millis>1544389560504</millis>
  <sequence>41</sequence>
  <logger>eg.edu.alexu.csd.oop.jdbc.cs43.MyLogger</logger>
  <level>INFO</level>
  <class>eg.edu.alexu.csd.oop.jdbc.cs43.MyConnection</class>
  <method>close</method>
  <thread>1</thread>
  <message>connection to pathC:\Users\SHIKO\git\JDBC\sample\14204is closed</message>
</record>
<record>
  <date>2018-12-10T00:06:00</date>
  <millis>1544389560505</millis>
  <sequence>42</sequence>
  <logger>eg.edu.alexu.csd.oop.jdbc.cs43.MyLogger</logger>
  <level>INFO</level>
  <class>eg.edu.alexu.csd.oop.jdbc.cs43.MyStatement</class>
  <method>close</method>
  <thread>1</thread>
  <message>a statment is closed</message>
</record>
<record>
  <date>2018-12-10T00:06:00</date>
  <millis>1544389560506</millis>
  <sequence>43</sequence>
  <logger>eg.edu.alexu.csd.oop.jdbc.cs43.MyLogger</logger>
  <level>INFO</level>
  <class>eg.edu.alexu.csd.oop.jdbc.cs43.MyStatement</class>
  <method>close</method>
  <thread>1</thread>
  <message>a statment is closed</message>
</record>
<record>
  <date>2018-12-10T00:06:00</date>
  <millis>1544389560507</millis>
  <sequence>44</sequence>
  <logger>eg.edu.alexu.csd.oop.jdbc.cs43.MyLogger</logger>
  <level>INFO</level>
  <class>eg.edu.alexu.csd.oop.jdbc.cs43.MyStatement</class>
  <method>close</method>
  <thread>1</thread>
  <message>a statment is closed</message>
</record>
<record>
  <date>2018-12-10T00:06:00</date>
  <millis>1544389560508</millis>
  <sequence>45</sequence>
  <logger>eg.edu.alexu.csd.oop.jdbc.cs43.MyLogger</logger>
  <level>INFO</level>
  <class>eg.edu.alexu.csd.oop.jdbc.cs43.MyStatement</class>
  <method>close</method>
  <thread>1</thread>
  <message>a statment is closed</message>
</record>
<record>
  <date>2018-12-10T00:06:00</date>
  <millis>1544389560509</millis>
  <sequence>46</sequence>
  <logger>eg.edu.alexu.csd.oop.jdbc.cs43.MyLogger</logger>
  <level>INFO</level>
  <class>eg.edu.alexu.csd.oop.jdbc.cs43.MyStatement</class>
  <method>close</method>
  <thread>1</thread>
  <message>a statment is closed</message>
</record>
<record>
  <date>2018-12-10T00:06:00</date>
  <millis>1544389560510</millis>
  <sequence>47</sequence>
  <logger>eg.edu.alexu.csd.oop.jdbc.cs43.MyLogger</logger>
  <level>INFO</level>
  <class>eg.edu.alexu.csd.oop.jdbc.cs43.MyStatement</class>
  <method>close</method>
  <thread>1</thread>
  <message>a statment is closed</message>
</record>
<record>
  <date>2018-12-10T00:06:00</date>
  <millis>1544389560511</millis>
  <sequence>48</sequence>
  <logger>eg.edu.alexu.csd.oop.jdbc.cs43.MyLogger</logger>
  <level>INFO</level>
  <class>eg.edu.alexu.csd.oop.jdbc.cs43.MyStatement</class>
  <method>close</method>
  <thread>1</thread>
  <message>a statment is closed</message>
</record>
<record>
  <date>2018-12-10T00:06:00</date>
  <millis>1544389560511</millis>
  <sequence>49</sequence>
  <logger>eg.edu.alexu.csd.oop.jdbc.cs43.MyLogger</logger>
  <level>INFO</level>
  <class>eg.edu.alexu.csd.oop.jdbc.cs43.MyStatement</class>
  <method>close</method>
  <thread>1</thread>
  <message>a statment is closed</message>
</record>
<record>
  <date>2018-12-10T00:06:00</date>
  <millis>1544389560512</millis>
  <sequence>50</sequence>
  <logger>eg.edu.alexu.csd.oop.jdbc.cs43.MyLogger</logger>
  <level>INFO</level>
  <class>eg.edu.alexu.csd.oop.jdbc.cs43.MyStatement</class>
  <method>close</method>
  <thread>1</thread>
  <message>a statment is closed</message>
</record>
<record>
  <date>2018-12-10T00:06:00</date>
  <millis>1544389560518</millis>
  <sequence>51</sequence>
  <logger>eg.edu.alexu.csd.oop.jdbc.cs43.MyLogger</logger>
  <level>INFO</level>
  <class>eg.edu.alexu.csd.oop.jdbc.cs43.JDBCDriver</class>
  <method>acceptsURL</method>
  <thread>1</thread>
  <message>url is accepted , jdbc driver is active now</message>
</record>
<record>
  <date>2018-12-10T00:06:00</date>
  <millis>1544389560519</millis>
  <sequence>52</sequence>
  <logger>eg.edu.alexu.csd.oop.jdbc.cs43.MyLogger</logger>
  <level>INFO</level>
  <class>eg.edu.alexu.csd.oop.jdbc.cs43.JDBCDriver</class>
  <method>connect</method>
  <thread>1</thread>
  <message>driver is connected to the pathC:\Users\SHIKO\git\JDBC\sample\12619</message>
</record>
<record>
  <date>2018-12-10T00:06:00</date>
  <millis>1544389560520</millis>
  <sequence>53</sequence>
  <logger>eg.edu.alexu.csd.oop.jdbc.cs43.MyLogger</logger>
  <level>INFO</level>
  <class>eg.edu.alexu.csd.oop.jdbc.cs43.MyConnection</class>
  <method>createStatement</method>
  <thread>1</thread>
  <message>a statement is created</message>
</record>
<record>
  <date>2018-12-10T00:06:00</date>
  <millis>1544389560521</millis>
  <sequence>54</sequence>
  <logger>eg.edu.alexu.csd.oop.jdbc.cs43.MyLogger</logger>
  <level>WARNING</level>
  <class>eg.edu.alexu.csd.oop.jdbc.cs43.MyConnection</class>
  <method>createStatement</method>
  <thread>1</thread>
  <message>call statement.close() to save changes</message>
</record>
<record>
  <date>2018-12-10T00:06:00</date>
  <millis>1544389560523</millis>
  <sequence>55</sequence>
  <logger>eg.edu.alexu.csd.oop.jdbc.cs43.MyLogger</logger>
  <level>INFO</level>
  <class>eg.edu.alexu.csd.oop.jdbc.cs43.MyStatement</class>
  <method>execute</method>
  <thread>1</thread>
  <message>a structure query is executed</message>
</record>
<record>
  <date>2018-12-10T00:06:00</date>
  <millis>1544389560525</millis>
  <sequence>56</sequence>
  <logger>eg.edu.alexu.csd.oop.jdbc.cs43.MyLogger</logger>
  <level>INFO</level>
  <class>eg.edu.alexu.csd.oop.jdbc.cs43.MyStatement</class>
  <method>execute</method>
  <thread>1</thread>
  <message>a structure query is executed</message>
</record>
<record>
  <date>2018-12-10T00:06:00</date>
  <millis>1544389560526</millis>
  <sequence>57</sequence>
  <logger>eg.edu.alexu.csd.oop.jdbc.cs43.MyLogger</logger>
  <level>INFO</level>
  <class>eg.edu.alexu.csd.oop.jdbc.cs43.MyStatement</class>
  <method>close</method>
  <thread>1</thread>
  <message>a statment is closed</message>
</record>
<record>
  <date>2018-12-10T00:06:00</date>
  <millis>1544389560526</millis>
  <sequence>58</sequence>
  <logger>eg.edu.alexu.csd.oop.jdbc.cs43.MyLogger</logger>
  <level>INFO</level>
  <class>eg.edu.alexu.csd.oop.jdbc.cs43.MyConnection</class>
  <method>createStatement</method>
  <thread>1</thread>
  <message>a statement is created</message>
</record>
<record>
  <date>2018-12-10T00:06:00</date>
  <millis>1544389560527</millis>
  <sequence>59</sequence>
  <logger>eg.edu.alexu.csd.oop.jdbc.cs43.MyLogger</logger>
  <level>WARNING</level>
  <class>eg.edu.alexu.csd.oop.jdbc.cs43.MyConnection</class>
  <method>createStatement</method>
  <thread>1</thread>
  <message>call statement.close() to save changes</message>
</record>
<record>
  <date>2018-12-10T00:06:00</date>
  <millis>1544389560534</millis>
  <sequence>60</sequence>
  <logger>eg.edu.alexu.csd.oop.jdbc.cs43.MyLogger</logger>
  <level>INFO</level>
  <class>eg.edu.alexu.csd.oop.jdbc.cs43.MyStatement</class>
  <method>execute</method>
  <thread>1</thread>
  <message>a structure query is executed</message>
</record>
<record>
  <date>2018-12-10T00:06:00</date>
  <millis>1544389560542</millis>
  <sequence>61</sequence>
  <logger>eg.edu.alexu.csd.oop.jdbc.cs43.MyLogger</logger>
  <level>INFO</level>
  <class>eg.edu.alexu.csd.oop.jdbc.cs43.MyStatement$4</class>
  <method>run</method>
  <thread>49</thread>
  <message>an update query is executed</message>
</record>
<record>
  <date>2018-12-10T00:06:00</date>
  <millis>1544389560544</millis>
  <sequence>62</sequence>
  <logger>eg.edu.alexu.csd.oop.jdbc.cs43.MyLogger</logger>
  <level>INFO</level>
  <class>eg.edu.alexu.csd.oop.jdbc.cs43.MyStatement$4</class>
  <method>run</method>
  <thread>51</thread>
  <message>an update query is executed</message>
</record>
<record>
  <date>2018-12-10T00:06:00</date>
  <millis>1544389560551</millis>
  <sequence>63</sequence>
  <logger>eg.edu.alexu.csd.oop.jdbc.cs43.MyLogger</logger>
  <level>INFO</level>
  <class>eg.edu.alexu.csd.oop.jdbc.cs43.MyStatement$4</class>
  <method>run</method>
  <thread>52</thread>
  <message>an update query is executed</message>
</record>
<record>
  <date>2018-12-10T00:06:00</date>
  <millis>1544389560556</millis>
  <sequence>64</sequence>
  <logger>eg.edu.alexu.csd.oop.jdbc.cs43.MyLogger</logger>
  <level>INFO</level>
  <class>eg.edu.alexu.csd.oop.jdbc.cs43.MyStatement$4</class>
  <method>run</method>
  <thread>53</thread>
  <message>an update query is executed</message>
</record>
<record>
  <date>2018-12-10T00:06:00</date>
  <millis>1544389560557</millis>
  <sequence>65</sequence>
  <logger>eg.edu.alexu.csd.oop.jdbc.cs43.MyLogger</logger>
  <level>INFO</level>
  <class>eg.edu.alexu.csd.oop.jdbc.cs43.MyStatement</class>
  <method>close</method>
  <thread>1</thread>
  <message>a statment is closed</message>
</record>
<record>
  <date>2018-12-10T00:06:00</date>
  <millis>1544389560564</millis>
  <sequence>66</sequence>
  <logger>eg.edu.alexu.csd.oop.jdbc.cs43.MyLogger</logger>
  <level>INFO</level>
  <class>eg.edu.alexu.csd.oop.jdbc.cs43.MyConnection</class>
  <method>close</method>
  <thread>1</thread>
  <message>connection to pathC:\Users\SHIKO\git\JDBC\sample\12619is closed</message>
</record>
<record>
  <date>2018-12-10T00:06:00</date>
  <millis>1544389560564</millis>
  <sequence>67</sequence>
  <logger>eg.edu.alexu.csd.oop.jdbc.cs43.MyLogger</logger>
  <level>INFO</level>
  <class>eg.edu.alexu.csd.oop.jdbc.cs43.MyStatement</class>
  <method>close</method>
  <thread>1</thread>
  <message>a statment is closed</message>
</record>
<record>
  <date>2018-12-10T00:06:00</date>
  <millis>1544389560565</millis>
  <sequence>68</sequence>
  <logger>eg.edu.alexu.csd.oop.jdbc.cs43.MyLogger</logger>
  <level>INFO</level>
  <class>eg.edu.alexu.csd.oop.jdbc.cs43.MyStatement</class>
  <method>close</method>
  <thread>1</thread>
  <message>a statment is closed</message>
</record>
<record>
  <date>2018-12-10T00:06:00</date>
  <millis>1544389560571</millis>
  <sequence>69</sequence>
  <logger>eg.edu.alexu.csd.oop.jdbc.cs43.MyLogger</logger>
  <level>INFO</level>
  <class>eg.edu.alexu.csd.oop.jdbc.cs43.JDBCDriver</class>
  <method>acceptsURL</method>
  <thread>1</thread>
  <message>url is accepted , jdbc driver is active now</message>
</record>
<record>
  <date>2018-12-10T00:06:00</date>
  <millis>1544389560572</millis>
  <sequence>70</sequence>
  <logger>eg.edu.alexu.csd.oop.jdbc.cs43.MyLogger</logger>
  <level>INFO</level>
  <class>eg.edu.alexu.csd.oop.jdbc.cs43.JDBCDriver</class>
  <method>connect</method>
  <thread>1</thread>
  <message>driver is connected to the pathC:\Users\SHIKO\git\JDBC\sample\31200</message>
</record>
<record>
  <date>2018-12-10T00:06:00</date>
  <millis>1544389560572</millis>
  <sequence>71</sequence>
  <logger>eg.edu.alexu.csd.oop.jdbc.cs43.MyLogger</logger>
  <level>INFO</level>
  <class>eg.edu.alexu.csd.oop.jdbc.cs43.MyConnection</class>
  <method>createStatement</method>
  <thread>1</thread>
  <message>a statement is created</message>
</record>
<record>
  <date>2018-12-10T00:06:00</date>
  <millis>1544389560573</millis>
  <sequence>72</sequence>
  <logger>eg.edu.alexu.csd.oop.jdbc.cs43.MyLogger</logger>
  <level>WARNING</level>
  <class>eg.edu.alexu.csd.oop.jdbc.cs43.MyConnection</class>
  <method>createStatement</method>
  <thread>1</thread>
  <message>call statement.close() to save changes</message>
</record>
<record>
  <date>2018-12-10T00:06:00</date>
  <millis>1544389560575</millis>
  <sequence>73</sequence>
  <logger>eg.edu.alexu.csd.oop.jdbc.cs43.MyLogger</logger>
  <level>INFO</level>
  <class>eg.edu.alexu.csd.oop.jdbc.cs43.MyStatement</class>
  <method>execute</method>
  <thread>1</thread>
  <message>a structure query is executed</message>
</record>
<record>
  <date>2018-12-10T00:06:00</date>
  <millis>1544389560594</millis>
  <sequence>74</sequence>
  <logger>eg.edu.alexu.csd.oop.jdbc.cs43.MyLogger</logger>
  <level>INFO</level>
  <class>eg.edu.alexu.csd.oop.jdbc.cs43.MyStatement</class>
  <method>execute</method>
  <thread>1</thread>
  <message>a structure query is executed</message>
</record>
<record>
  <date>2018-12-10T00:06:00</date>
  <millis>1544389560595</millis>
  <sequence>75</sequence>
  <logger>eg.edu.alexu.csd.oop.jdbc.cs43.MyLogger</logger>
  <level>INFO</level>
  <class>eg.edu.alexu.csd.oop.jdbc.cs43.MyStatement</class>
  <method>close</method>
  <thread>1</thread>
  <message>a statment is closed</message>
</record>
<record>
  <date>2018-12-10T00:06:00</date>
  <millis>1544389560600</millis>
  <sequence>76</sequence>
  <logger>eg.edu.alexu.csd.oop.jdbc.cs43.MyLogger</logger>
  <level>INFO</level>
  <class>eg.edu.alexu.csd.oop.jdbc.cs43.MyConnection</class>
  <method>createStatement</method>
  <thread>1</thread>
  <message>a statement is created</message>
</record>
<record>
  <date>2018-12-10T00:06:00</date>
  <millis>1544389560601</millis>
  <sequence>77</sequence>
  <logger>eg.edu.alexu.csd.oop.jdbc.cs43.MyLogger</logger>
  <level>WARNING</level>
  <class>eg.edu.alexu.csd.oop.jdbc.cs43.MyConnection</class>
  <method>createStatement</method>
  <thread>1</thread>
  <message>call statement.close() to save changes</message>
</record>
<record>
  <date>2018-12-10T00:06:00</date>
  <millis>1544389560615</millis>
  <sequence>78</sequence>
  <logger>eg.edu.alexu.csd.oop.jdbc.cs43.MyLogger</logger>
  <level>INFO</level>
  <class>eg.edu.alexu.csd.oop.jdbc.cs43.MyStatement</class>
  <method>execute</method>
  <thread>1</thread>
  <message>a structure query is executed</message>
</record>
<record>
  <date>2018-12-10T00:06:00</date>
  <millis>1544389560627</millis>
  <sequence>79</sequence>
  <logger>eg.edu.alexu.csd.oop.jdbc.cs43.MyLogger</logger>
  <level>INFO</level>
  <class>eg.edu.alexu.csd.oop.jdbc.cs43.MyStatement$4</class>
  <method>run</method>
  <thread>59</thread>
  <message>an update query is executed</message>
</record>
<record>
  <date>2018-12-10T00:06:00</date>
  <millis>1544389560633</millis>
  <sequence>80</sequence>
  <logger>eg.edu.alexu.csd.oop.jdbc.cs43.MyLogger</logger>
  <level>INFO</level>
  <class>eg.edu.alexu.csd.oop.jdbc.cs43.MyStatement$4</class>
  <method>run</method>
  <thread>61</thread>
  <message>an update query is executed</message>
</record>
<record>
  <date>2018-12-10T00:06:00</date>
  <millis>1544389560635</millis>
  <sequence>81</sequence>
  <logger>eg.edu.alexu.csd.oop.jdbc.cs43.MyLogger</logger>
  <level>INFO</level>
  <class>eg.edu.alexu.csd.oop.jdbc.cs43.MyStatement$4</class>
  <method>run</method>
  <thread>62</thread>
  <message>an update query is executed</message>
</record>
<record>
  <date>2018-12-10T00:06:00</date>
  <millis>1544389560648</millis>
  <sequence>82</sequence>
  <logger>eg.edu.alexu.csd.oop.jdbc.cs43.MyLogger</logger>
  <level>INFO</level>
  <class>eg.edu.alexu.csd.oop.jdbc.cs43.MyStatement</class>
  <method>execute</method>
  <thread>1</thread>
  <message>a structure query is executed</message>
</record>
<record>
  <date>2018-12-10T00:06:00</date>
  <millis>1544389560654</millis>
  <sequence>83</sequence>
  <logger>eg.edu.alexu.csd.oop.jdbc.cs43.MyLogger</logger>
  <level>INFO</level>
  <class>eg.edu.alexu.csd.oop.jdbc.cs43.MyStatement$4</class>
  <method>run</method>
  <thread>64</thread>
  <message>an update query is executed</message>
</record>
<record>
  <date>2018-12-10T00:06:00</date>
  <millis>1544389560656</millis>
  <sequence>84</sequence>
  <logger>eg.edu.alexu.csd.oop.jdbc.cs43.MyLogger</logger>
  <level>INFO</level>
  <class>eg.edu.alexu.csd.oop.jdbc.cs43.MyStatement</class>
  <method>close</method>
  <thread>1</thread>
  <message>a statment is closed</message>
</record>
<record>
  <date>2018-12-10T00:06:00</date>
  <millis>1544389560659</millis>
  <sequence>85</sequence>
  <logger>eg.edu.alexu.csd.oop.jdbc.cs43.MyLogger</logger>
  <level>INFO</level>
  <class>eg.edu.alexu.csd.oop.jdbc.cs43.MyConnection</class>
  <method>close</method>
  <thread>1</thread>
  <message>connection to pathC:\Users\SHIKO\git\JDBC\sample\31200is closed</message>
</record>
<record>
  <date>2018-12-10T00:06:00</date>
  <millis>1544389560660</millis>
  <sequence>86</sequence>
  <logger>eg.edu.alexu.csd.oop.jdbc.cs43.MyLogger</logger>
  <level>INFO</level>
  <class>eg.edu.alexu.csd.oop.jdbc.cs43.MyStatement</class>
  <method>close</method>
  <thread>1</thread>
  <message>a statment is closed</message>
</record>
<record>
  <date>2018-12-10T00:06:00</date>
  <millis>1544389560660</millis>
  <sequence>87</sequence>
  <logger>eg.edu.alexu.csd.oop.jdbc.cs43.MyLogger</logger>
  <level>INFO</level>
  <class>eg.edu.alexu.csd.oop.jdbc.cs43.MyStatement</class>
  <method>close</method>
  <thread>1</thread>
  <message>a statment is closed</message>
</record>
<record>
  <date>2018-12-10T00:06:00</date>
  <millis>1544389560665</millis>
  <sequence>88</sequence>
  <logger>eg.edu.alexu.csd.oop.jdbc.cs43.MyLogger</logger>
  <level>INFO</level>
  <class>eg.edu.alexu.csd.oop.jdbc.cs43.JDBCDriver</class>
  <method>acceptsURL</method>
  <thread>1</thread>
  <message>url is accepted , jdbc driver is active now</message>
</record>
<record>
  <date>2018-12-10T00:06:00</date>
  <millis>1544389560665</millis>
  <sequence>89</sequence>
  <logger>eg.edu.alexu.csd.oop.jdbc.cs43.MyLogger</logger>
  <level>INFO</level>
  <class>eg.edu.alexu.csd.oop.jdbc.cs43.JDBCDriver</class>
  <method>connect</method>
  <thread>1</thread>
  <message>driver is connected to the pathC:\Users\SHIKO\git\JDBC\sample\78917</message>
</record>
<record>
  <date>2018-12-10T00:06:00</date>
  <millis>1544389560666</millis>
  <sequence>90</sequence>
  <logger>eg.edu.alexu.csd.oop.jdbc.cs43.MyLogger</logger>
  <level>INFO</level>
  <class>eg.edu.alexu.csd.oop.jdbc.cs43.MyConnection</class>
  <method>createStatement</method>
  <thread>1</thread>
  <message>a statement is created</message>
</record>
<record>
  <date>2018-12-10T00:06:00</date>
  <millis>1544389560666</millis>
  <sequence>91</sequence>
  <logger>eg.edu.alexu.csd.oop.jdbc.cs43.MyLogger</logger>
  <level>WARNING</level>
  <class>eg.edu.alexu.csd.oop.jdbc.cs43.MyConnection</class>
  <method>createStatement</method>
  <thread>1</thread>
  <message>call statement.close() to save changes</message>
</record>
<record>
  <date>2018-12-10T00:06:00</date>
  <millis>1544389560667</millis>
  <sequence>92</sequence>
  <logger>eg.edu.alexu.csd.oop.jdbc.cs43.MyLogger</logger>
  <level>INFO</level>
  <class>eg.edu.alexu.csd.oop.jdbc.cs43.MyStatement</class>
  <method>execute</method>
  <thread>1</thread>
  <message>a structure query is executed</message>
</record>
<record>
  <date>2018-12-10T00:06:00</date>
  <millis>1544389560670</millis>
  <sequence>93</sequence>
  <logger>eg.edu.alexu.csd.oop.jdbc.cs43.MyLogger</logger>
  <level>INFO</level>
  <class>eg.edu.alexu.csd.oop.jdbc.cs43.MyStatement</class>
  <method>execute</method>
  <thread>1</thread>
  <message>a structure query is executed</message>
</record>
<record>
  <date>2018-12-10T00:06:00</date>
  <millis>1544389560670</millis>
  <sequence>94</sequence>
  <logger>eg.edu.alexu.csd.oop.jdbc.cs43.MyLogger</logger>
  <level>INFO</level>
  <class>eg.edu.alexu.csd.oop.jdbc.cs43.MyStatement</class>
  <method>close</method>
  <thread>1</thread>
  <message>a statment is closed</message>
</record>
<record>
  <date>2018-12-10T00:06:00</date>
  <millis>1544389560671</millis>
  <sequence>95</sequence>
  <logger>eg.edu.alexu.csd.oop.jdbc.cs43.MyLogger</logger>
  <level>INFO</level>
  <class>eg.edu.alexu.csd.oop.jdbc.cs43.MyConnection</class>
  <method>createStatement</method>
  <thread>1</thread>
  <message>a statement is created</message>
</record>
<record>
  <date>2018-12-10T00:06:00</date>
  <millis>1544389560672</millis>
  <sequence>96</sequence>
  <logger>eg.edu.alexu.csd.oop.jdbc.cs43.MyLogger</logger>
  <level>WARNING</level>
  <class>eg.edu.alexu.csd.oop.jdbc.cs43.MyConnection</class>
  <method>createStatement</method>
  <thread>1</thread>
  <message>call statement.close() to save changes</message>
</record>
<record>
  <date>2018-12-10T00:06:00</date>
  <millis>1544389560689</millis>
  <sequence>97</sequence>
  <logger>eg.edu.alexu.csd.oop.jdbc.cs43.MyLogger</logger>
  <level>INFO</level>
  <class>eg.edu.alexu.csd.oop.jdbc.cs43.MyStatement</class>
  <method>execute</method>
  <thread>1</thread>
  <message>a structure query is executed</message>
</record>
<record>
  <date>2018-12-10T00:06:00</date>
  <millis>1544389560701</millis>
  <sequence>98</sequence>
  <logger>eg.edu.alexu.csd.oop.jdbc.cs43.MyLogger</logger>
  <level>INFO</level>
  <class>eg.edu.alexu.csd.oop.jdbc.cs43.MyStatement$4</class>
  <method>run</method>
  <thread>70</thread>
  <message>an update query is executed</message>
</record>
<record>
  <date>2018-12-10T00:06:00</date>
  <millis>1544389560708</millis>
  <sequence>99</sequence>
  <logger>eg.edu.alexu.csd.oop.jdbc.cs43.MyLogger</logger>
  <level>INFO</level>
  <class>eg.edu.alexu.csd.oop.jdbc.cs43.MyStatement$4</class>
  <method>run</method>
  <thread>72</thread>
  <message>an update query is executed</message>
</record>
<record>
  <date>2018-12-10T00:06:00</date>
  <millis>1544389560711</millis>
  <sequence>100</sequence>
  <logger>eg.edu.alexu.csd.oop.jdbc.cs43.MyLogger</logger>
  <level>INFO</level>
  <class>eg.edu.alexu.csd.oop.jdbc.cs43.MyStatement$4</class>
  <method>run</method>
  <thread>73</thread>
  <message>an update query is executed</message>
</record>
<record>
  <date>2018-12-10T00:06:00</date>
  <millis>1544389560714</millis>
  <sequence>101</sequence>
  <logger>eg.edu.alexu.csd.oop.jdbc.cs43.MyLogger</logger>
  <level>INFO</level>
  <class>eg.edu.alexu.csd.oop.jdbc.cs43.MyStatement$4</class>
  <method>run</method>
  <thread>74</thread>
  <message>an update query is executed</message>
</record>
<record>
  <date>2018-12-10T00:06:00</date>
  <millis>1544389560717</millis>
  <sequence>102</sequence>
  <logger>eg.edu.alexu.csd.oop.jdbc.cs43.MyLogger</logger>
  <level>INFO</level>
  <class>eg.edu.alexu.csd.oop.jdbc.cs43.MyStatement$4</class>
  <method>run</method>
  <thread>75</thread>
  <message>an update query is executed</message>
</record>
<record>
  <date>2018-12-10T00:06:00</date>
  <millis>1544389560717</millis>
  <sequence>103</sequence>
  <logger>eg.edu.alexu.csd.oop.jdbc.cs43.MyLogger</logger>
  <level>INFO</level>
  <class>eg.edu.alexu.csd.oop.jdbc.cs43.MyStatement</class>
  <method>close</method>
  <thread>1</thread>
  <message>a statment is closed</message>
</record>
<record>
  <date>2018-12-10T00:06:00</date>
  <millis>1544389560723</millis>
  <sequence>104</sequence>
  <logger>eg.edu.alexu.csd.oop.jdbc.cs43.MyLogger</logger>
  <level>INFO</level>
  <class>eg.edu.alexu.csd.oop.jdbc.cs43.MyConnection</class>
  <method>close</method>
  <thread>1</thread>
  <message>connection to pathC:\Users\SHIKO\git\JDBC\sample\78917is closed</message>
</record>
<record>
  <date>2018-12-10T00:06:00</date>
  <millis>1544389560723</millis>
  <sequence>105</sequence>
  <logger>eg.edu.alexu.csd.oop.jdbc.cs43.MyLogger</logger>
  <level>INFO</level>
  <class>eg.edu.alexu.csd.oop.jdbc.cs43.MyStatement</class>
  <method>close</method>
  <thread>1</thread>
  <message>a statment is closed</message>
</record>
<record>
  <date>2018-12-10T00:06:00</date>
  <millis>1544389560724</millis>
  <sequence>106</sequence>
  <logger>eg.edu.alexu.csd.oop.jdbc.cs43.MyLogger</logger>
  <level>INFO</level>
  <class>eg.edu.alexu.csd.oop.jdbc.cs43.MyStatement</class>
  <method>close</method>
  <thread>1</thread>
  <message>a statment is closed</message>
</record>
<record>
  <date>2018-12-10T00:06:00</date>
  <millis>1544389560732</millis>
  <sequence>107</sequence>
  <logger>eg.edu.alexu.csd.oop.jdbc.cs43.MyLogger</logger>
  <level>INFO</level>
  <class>eg.edu.alexu.csd.oop.jdbc.cs43.JDBCDriver</class>
  <method>acceptsURL</method>
  <thread>1</thread>
  <message>url is accepted , jdbc driver is active now</message>
</record>
<record>
  <date>2018-12-10T00:06:00</date>
  <millis>1544389560732</millis>
  <sequence>108</sequence>
  <logger>eg.edu.alexu.csd.oop.jdbc.cs43.MyLogger</logger>
  <level>INFO</level>
  <class>eg.edu.alexu.csd.oop.jdbc.cs43.JDBCDriver</class>
  <method>connect</method>
  <thread>1</thread>
  <message>driver is connected to the pathC:\Users\SHIKO\git\JDBC\sample\6217</message>
</record>
<record>
  <date>2018-12-10T00:06:00</date>
  <millis>1544389560733</millis>
  <sequence>109</sequence>
  <logger>eg.edu.alexu.csd.oop.jdbc.cs43.MyLogger</logger>
  <level>INFO</level>
  <class>eg.edu.alexu.csd.oop.jdbc.cs43.MyConnection</class>
  <method>createStatement</method>
  <thread>1</thread>
  <message>a statement is created</message>
</record>
<record>
  <date>2018-12-10T00:06:00</date>
  <millis>1544389560733</millis>
  <sequence>110</sequence>
  <logger>eg.edu.alexu.csd.oop.jdbc.cs43.MyLogger</logger>
  <level>WARNING</level>
  <class>eg.edu.alexu.csd.oop.jdbc.cs43.MyConnection</class>
  <method>createStatement</method>
  <thread>1</thread>
  <message>call statement.close() to save changes</message>
</record>
<record>
  <date>2018-12-10T00:06:00</date>
  <millis>1544389560734</millis>
  <sequence>111</sequence>
  <logger>eg.edu.alexu.csd.oop.jdbc.cs43.MyLogger</logger>
  <level>INFO</level>
  <class>eg.edu.alexu.csd.oop.jdbc.cs43.MyStatement</class>
  <method>execute</method>
  <thread>1</thread>
  <message>a structure query is executed</message>
</record>
<record>
  <date>2018-12-10T00:06:00</date>
  <millis>1544389560737</millis>
  <sequence>112</sequence>
  <logger>eg.edu.alexu.csd.oop.jdbc.cs43.MyLogger</logger>
  <level>INFO</level>
  <class>eg.edu.alexu.csd.oop.jdbc.cs43.MyStatement</class>
  <method>execute</method>
  <thread>1</thread>
  <message>a structure query is executed</message>
</record>
<record>
  <date>2018-12-10T00:06:00</date>
  <millis>1544389560737</millis>
  <sequence>113</sequence>
  <logger>eg.edu.alexu.csd.oop.jdbc.cs43.MyLogger</logger>
  <level>INFO</level>
  <class>eg.edu.alexu.csd.oop.jdbc.cs43.MyStatement</class>
  <method>close</method>
  <thread>1</thread>
  <message>a statment is closed</message>
</record>
<record>
  <date>2018-12-10T00:06:00</date>
  <millis>1544389560738</millis>
  <sequence>114</sequence>
  <logger>eg.edu.alexu.csd.oop.jdbc.cs43.MyLogger</logger>
  <level>INFO</level>
  <class>eg.edu.alexu.csd.oop.jdbc.cs43.MyConnection</class>
  <method>createStatement</method>
  <thread>1</thread>
  <message>a statement is created</message>
</record>
<record>
  <date>2018-12-10T00:06:00</date>
  <millis>1544389560738</millis>
  <sequence>115</sequence>
  <logger>eg.edu.alexu.csd.oop.jdbc.cs43.MyLogger</logger>
  <level>WARNING</level>
  <class>eg.edu.alexu.csd.oop.jdbc.cs43.MyConnection</class>
  <method>createStatement</method>
  <thread>1</thread>
  <message>call statement.close() to save changes</message>
</record>
<record>
  <date>2018-12-10T00:06:00</date>
  <millis>1544389560748</millis>
  <sequence>116</sequence>
  <logger>eg.edu.alexu.csd.oop.jdbc.cs43.MyLogger</logger>
  <level>INFO</level>
  <class>eg.edu.alexu.csd.oop.jdbc.cs43.MyStatement</class>
  <method>execute</method>
  <thread>1</thread>
  <message>a structure query is executed</message>
</record>
<record>
  <date>2018-12-10T00:06:00</date>
  <millis>1544389560757</millis>
  <sequence>117</sequence>
  <logger>eg.edu.alexu.csd.oop.jdbc.cs43.MyLogger</logger>
  <level>INFO</level>
  <class>eg.edu.alexu.csd.oop.jdbc.cs43.MyStatement$4</class>
  <method>run</method>
  <thread>81</thread>
  <message>an update query is executed</message>
</record>
<record>
  <date>2018-12-10T00:06:00</date>
  <millis>1544389560760</millis>
  <sequence>118</sequence>
  <logger>eg.edu.alexu.csd.oop.jdbc.cs43.MyLogger</logger>
  <level>INFO</level>
  <class>eg.edu.alexu.csd.oop.jdbc.cs43.MyStatement$4</class>
  <method>run</method>
  <thread>83</thread>
  <message>an update query is executed</message>
</record>
<record>
  <date>2018-12-10T00:06:00</date>
  <millis>1544389560766</millis>
  <sequence>119</sequence>
  <logger>eg.edu.alexu.csd.oop.jdbc.cs43.MyLogger</logger>
  <level>INFO</level>
  <class>eg.edu.alexu.csd.oop.jdbc.cs43.MyStatement$4</class>
  <method>run</method>
  <thread>84</thread>
  <message>an update query is executed</message>
</record>
<record>
  <date>2018-12-10T00:06:00</date>
  <millis>1544389560768</millis>
  <sequence>120</sequence>
  <logger>eg.edu.alexu.csd.oop.jdbc.cs43.MyLogger</logger>
  <level>INFO</level>
  <class>eg.edu.alexu.csd.oop.jdbc.cs43.MyStatement$4</class>
  <method>run</method>
  <thread>85</thread>
  <message>an update query is executed</message>
</record>
<record>
  <date>2018-12-10T00:06:00</date>
  <millis>1544389560772</millis>
  <sequence>121</sequence>
  <logger>eg.edu.alexu.csd.oop.jdbc.cs43.MyLogger</logger>
  <level>INFO</level>
  <class>eg.edu.alexu.csd.oop.jdbc.cs43.MyStatement</class>
  <method>executeQuery</method>
  <thread>1</thread>
  <message>a select query is executed</message>
</record>
<record>
  <date>2018-12-10T00:06:00</date>
  <millis>1544389560774</millis>
  <sequence>122</sequence>
  <logger>eg.edu.alexu.csd.oop.jdbc.cs43.MyLogger</logger>
  <level>INFO</level>
  <class>eg.edu.alexu.csd.oop.jdbc.cs43.MyStatement$4</class>
  <method>run</method>
  <thread>87</thread>
  <message>an update query is executed</message>
</record>
<record>
  <date>2018-12-10T00:06:00</date>
  <millis>1544389560776</millis>
  <sequence>123</sequence>
  <logger>eg.edu.alexu.csd.oop.jdbc.cs43.MyLogger</logger>
  <level>INFO</level>
  <class>eg.edu.alexu.csd.oop.jdbc.cs43.MyStatement</class>
  <method>executeQuery</method>
  <thread>1</thread>
  <message>a select query is executed</message>
</record>
<record>
  <date>2018-12-10T00:06:00</date>
  <millis>1544389560777</millis>
  <sequence>124</sequence>
  <logger>eg.edu.alexu.csd.oop.jdbc.cs43.MyLogger</logger>
  <level>INFO</level>
  <class>eg.edu.alexu.csd.oop.jdbc.cs43.MyStatement</class>
  <method>close</method>
  <thread>1</thread>
  <message>a statment is closed</message>
</record>
<record>
  <date>2018-12-10T00:06:00</date>
  <millis>1544389560782</millis>
  <sequence>125</sequence>
  <logger>eg.edu.alexu.csd.oop.jdbc.cs43.MyLogger</logger>
  <level>INFO</level>
  <class>eg.edu.alexu.csd.oop.jdbc.cs43.MyConnection</class>
  <method>close</method>
  <thread>1</thread>
  <message>connection to pathC:\Users\SHIKO\git\JDBC\sample\6217is closed</message>
</record>
<record>
  <date>2018-12-10T00:06:00</date>
  <millis>1544389560783</millis>
  <sequence>126</sequence>
  <logger>eg.edu.alexu.csd.oop.jdbc.cs43.MyLogger</logger>
  <level>INFO</level>
  <class>eg.edu.alexu.csd.oop.jdbc.cs43.MyStatement</class>
  <method>close</method>
  <thread>1</thread>
  <message>a statment is closed</message>
</record>
<record>
  <date>2018-12-10T00:06:00</date>
  <millis>1544389560783</millis>
  <sequence>127</sequence>
  <logger>eg.edu.alexu.csd.oop.jdbc.cs43.MyLogger</logger>
  <level>INFO</level>
  <class>eg.edu.alexu.csd.oop.jdbc.cs43.MyStatement</class>
  <method>close</method>
  <thread>1</thread>
  <message>a statment is closed</message>
</record>
<record>
  <date>2018-12-10T00:06:00</date>
  <millis>1544389560789</millis>
  <sequence>128</sequence>
  <logger>eg.edu.alexu.csd.oop.jdbc.cs43.MyLogger</logger>
  <level>INFO</level>
  <class>eg.edu.alexu.csd.oop.jdbc.cs43.JDBCDriver</class>
  <method>acceptsURL</method>
  <thread>1</thread>
  <message>url is accepted , jdbc driver is active now</message>
</record>
<record>
  <date>2018-12-10T00:06:00</date>
  <millis>1544389560789</millis>
  <sequence>129</sequence>
  <logger>eg.edu.alexu.csd.oop.jdbc.cs43.MyLogger</logger>
  <level>INFO</level>
  <class>eg.edu.alexu.csd.oop.jdbc.cs43.JDBCDriver</class>
  <method>connect</method>
  <thread>1</thread>
  <message>driver is connected to the pathC:\Users\SHIKO\git\JDBC\sample\7506</message>
</record>
<record>
  <date>2018-12-10T00:06:00</date>
  <millis>1544389560790</millis>
  <sequence>130</sequence>
  <logger>eg.edu.alexu.csd.oop.jdbc.cs43.MyLogger</logger>
  <level>INFO</level>
  <class>eg.edu.alexu.csd.oop.jdbc.cs43.MyConnection</class>
  <method>createStatement</method>
  <thread>1</thread>
  <message>a statement is created</message>
</record>
<record>
  <date>2018-12-10T00:06:00</date>
  <millis>1544389560790</millis>
  <sequence>131</sequence>
  <logger>eg.edu.alexu.csd.oop.jdbc.cs43.MyLogger</logger>
  <level>WARNING</level>
  <class>eg.edu.alexu.csd.oop.jdbc.cs43.MyConnection</class>
  <method>createStatement</method>
  <thread>1</thread>
  <message>call statement.close() to save changes</message>
</record>
<record>
  <date>2018-12-10T00:06:00</date>
  <millis>1544389560791</millis>
  <sequence>132</sequence>
  <logger>eg.edu.alexu.csd.oop.jdbc.cs43.MyLogger</logger>
  <level>INFO</level>
  <class>eg.edu.alexu.csd.oop.jdbc.cs43.MyStatement</class>
  <method>execute</method>
  <thread>1</thread>
  <message>a structure query is executed</message>
</record>
<record>
  <date>2018-12-10T00:06:00</date>
  <millis>1544389560796</millis>
  <sequence>133</sequence>
  <logger>eg.edu.alexu.csd.oop.jdbc.cs43.MyLogger</logger>
  <level>INFO</level>
  <class>eg.edu.alexu.csd.oop.jdbc.cs43.MyStatement</class>
  <method>execute</method>
  <thread>1</thread>
  <message>a structure query is executed</message>
</record>
<record>
  <date>2018-12-10T00:06:00</date>
  <millis>1544389560797</millis>
  <sequence>134</sequence>
  <logger>eg.edu.alexu.csd.oop.jdbc.cs43.MyLogger</logger>
  <level>INFO</level>
  <class>eg.edu.alexu.csd.oop.jdbc.cs43.MyStatement</class>
  <method>close</method>
  <thread>1</thread>
  <message>a statment is closed</message>
</record>
<record>
  <date>2018-12-10T00:06:00</date>
  <millis>1544389560798</millis>
  <sequence>135</sequence>
  <logger>eg.edu.alexu.csd.oop.jdbc.cs43.MyLogger</logger>
  <level>INFO</level>
  <class>eg.edu.alexu.csd.oop.jdbc.cs43.MyConnection</class>
  <method>createStatement</method>
  <thread>1</thread>
  <message>a statement is created</message>
</record>
<record>
  <date>2018-12-10T00:06:00</date>
  <millis>1544389560798</millis>
  <sequence>136</sequence>
  <logger>eg.edu.alexu.csd.oop.jdbc.cs43.MyLogger</logger>
  <level>WARNING</level>
  <class>eg.edu.alexu.csd.oop.jdbc.cs43.MyConnection</class>
  <method>createStatement</method>
  <thread>1</thread>
  <message>call statement.close() to save changes</message>
</record>
<record>
  <date>2018-12-10T00:06:00</date>
  <millis>1544389560815</millis>
  <sequence>137</sequence>
  <logger>eg.edu.alexu.csd.oop.jdbc.cs43.MyLogger</logger>
  <level>INFO</level>
  <class>eg.edu.alexu.csd.oop.jdbc.cs43.MyStatement</class>
  <method>execute</method>
  <thread>1</thread>
  <message>a structure query is executed</message>
</record>
<record>
  <date>2018-12-10T00:06:00</date>
  <millis>1544389560828</millis>
  <sequence>138</sequence>
  <logger>eg.edu.alexu.csd.oop.jdbc.cs43.MyLogger</logger>
  <level>INFO</level>
  <class>eg.edu.alexu.csd.oop.jdbc.cs43.MyStatement$4</class>
  <method>run</method>
  <thread>94</thread>
  <message>an update query is executed</message>
</record>
<record>
  <date>2018-12-10T00:06:00</date>
  <millis>1544389560831</millis>
  <sequence>139</sequence>
  <logger>eg.edu.alexu.csd.oop.jdbc.cs43.MyLogger</logger>
  <level>INFO</level>
  <class>eg.edu.alexu.csd.oop.jdbc.cs43.MyStatement$4</class>
  <method>run</method>
  <thread>96</thread>
  <message>an update query is executed</message>
</record>
<record>
  <date>2018-12-10T00:06:00</date>
  <millis>1544389560833</millis>
  <sequence>140</sequence>
  <logger>eg.edu.alexu.csd.oop.jdbc.cs43.MyLogger</logger>
  <level>INFO</level>
  <class>eg.edu.alexu.csd.oop.jdbc.cs43.MyStatement$4</class>
  <method>run</method>
  <thread>97</thread>
  <message>an update query is executed</message>
</record>
<record>
  <date>2018-12-10T00:06:00</date>
  <millis>1544389560834</millis>
  <sequence>141</sequence>
  <logger>eg.edu.alexu.csd.oop.jdbc.cs43.MyLogger</logger>
  <level>INFO</level>
  <class>eg.edu.alexu.csd.oop.jdbc.cs43.MyStatement$4</class>
  <method>run</method>
  <thread>98</thread>
  <message>an update query is executed</message>
</record>
<record>
  <date>2018-12-10T00:06:00</date>
  <millis>1544389560836</millis>
  <sequence>142</sequence>
  <logger>eg.edu.alexu.csd.oop.jdbc.cs43.MyLogger</logger>
  <level>INFO</level>
  <class>eg.edu.alexu.csd.oop.jdbc.cs43.MyStatement</class>
  <method>executeQuery</method>
  <thread>1</thread>
  <message>a select query is executed</message>
</record>
<record>
  <date>2018-12-10T00:06:00</date>
  <millis>1544389560836</millis>
  <sequence>143</sequence>
  <logger>eg.edu.alexu.csd.oop.jdbc.cs43.MyLogger</logger>
  <level>INFO</level>
  <class>eg.edu.alexu.csd.oop.jdbc.cs43.MyStatement</class>
  <method>close</method>
  <thread>1</thread>
  <message>a statment is closed</message>
</record>
<record>
  <date>2018-12-10T00:06:00</date>
  <millis>1544389560848</millis>
  <sequence>144</sequence>
  <logger>eg.edu.alexu.csd.oop.jdbc.cs43.MyLogger</logger>
  <level>INFO</level>
  <class>eg.edu.alexu.csd.oop.jdbc.cs43.MyConnection</class>
  <method>close</method>
  <thread>1</thread>
  <message>connection to pathC:\Users\SHIKO\git\JDBC\sample\7506is closed</message>
</record>
<record>
  <date>2018-12-10T00:06:00</date>
  <millis>1544389560849</millis>
  <sequence>145</sequence>
  <logger>eg.edu.alexu.csd.oop.jdbc.cs43.MyLogger</logger>
  <level>INFO</level>
  <class>eg.edu.alexu.csd.oop.jdbc.cs43.MyStatement</class>
  <method>close</method>
  <thread>1</thread>
  <message>a statment is closed</message>
</record>
<record>
  <date>2018-12-10T00:06:00</date>
  <millis>1544389560849</millis>
  <sequence>146</sequence>
  <logger>eg.edu.alexu.csd.oop.jdbc.cs43.MyLogger</logger>
  <level>INFO</level>
  <class>eg.edu.alexu.csd.oop.jdbc.cs43.MyStatement</class>
  <method>close</method>
  <thread>1</thread>
  <message>a statment is closed</message>
</record>
<record>
  <date>2018-12-10T00:06:00</date>
  <millis>1544389560853</millis>
  <sequence>147</sequence>
  <logger>eg.edu.alexu.csd.oop.jdbc.cs43.MyLogger</logger>
  <level>INFO</level>
  <class>eg.edu.alexu.csd.oop.jdbc.cs43.JDBCDriver</class>
  <method>acceptsURL</method>
  <thread>1</thread>
  <message>url is accepted , jdbc driver is active now</message>
</record>
<record>
  <date>2018-12-10T00:06:00</date>
  <millis>1544389560853</millis>
  <sequence>148</sequence>
  <logger>eg.edu.alexu.csd.oop.jdbc.cs43.MyLogger</logger>
  <level>INFO</level>
  <class>eg.edu.alexu.csd.oop.jdbc.cs43.JDBCDriver</class>
  <method>connect</method>
  <thread>1</thread>
  <message>driver is connected to the pathC:\Users\SHIKO\git\JDBC\sample\90840</message>
</record>
<record>
  <date>2018-12-10T00:06:00</date>
  <millis>1544389560854</millis>
  <sequence>149</sequence>
  <logger>eg.edu.alexu.csd.oop.jdbc.cs43.MyLogger</logger>
  <level>INFO</level>
  <class>eg.edu.alexu.csd.oop.jdbc.cs43.MyConnection</class>
  <method>createStatement</method>
  <thread>1</thread>
  <message>a statement is created</message>
</record>
<record>
  <date>2018-12-10T00:06:00</date>
  <millis>1544389560854</millis>
  <sequence>150</sequence>
  <logger>eg.edu.alexu.csd.oop.jdbc.cs43.MyLogger</logger>
  <level>WARNING</level>
  <class>eg.edu.alexu.csd.oop.jdbc.cs43.MyConnection</class>
  <method>createStatement</method>
  <thread>1</thread>
  <message>call statement.close() to save changes</message>
</record>
<record>
  <date>2018-12-10T00:06:00</date>
  <millis>1544389560855</millis>
  <sequence>151</sequence>
  <logger>eg.edu.alexu.csd.oop.jdbc.cs43.MyLogger</logger>
  <level>INFO</level>
  <class>eg.edu.alexu.csd.oop.jdbc.cs43.MyStatement</class>
  <method>execute</method>
  <thread>1</thread>
  <message>a structure query is executed</message>
</record>
<record>
  <date>2018-12-10T00:06:00</date>
  <millis>1544389560858</millis>
  <sequence>152</sequence>
  <logger>eg.edu.alexu.csd.oop.jdbc.cs43.MyLogger</logger>
  <level>INFO</level>
  <class>eg.edu.alexu.csd.oop.jdbc.cs43.MyStatement</class>
  <method>execute</method>
  <thread>1</thread>
  <message>a structure query is executed</message>
</record>
<record>
  <date>2018-12-10T00:06:00</date>
  <millis>1544389560859</millis>
  <sequence>153</sequence>
  <logger>eg.edu.alexu.csd.oop.jdbc.cs43.MyLogger</logger>
  <level>INFO</level>
  <class>eg.edu.alexu.csd.oop.jdbc.cs43.MyStatement</class>
  <method>close</method>
  <thread>1</thread>
  <message>a statment is closed</message>
</record>
<record>
  <date>2018-12-10T00:06:00</date>
  <millis>1544389560859</millis>
  <sequence>154</sequence>
  <logger>eg.edu.alexu.csd.oop.jdbc.cs43.MyLogger</logger>
  <level>INFO</level>
  <class>eg.edu.alexu.csd.oop.jdbc.cs43.MyConnection</class>
  <method>createStatement</method>
  <thread>1</thread>
  <message>a statement is created</message>
</record>
<record>
  <date>2018-12-10T00:06:00</date>
  <millis>1544389560860</millis>
  <sequence>155</sequence>
  <logger>eg.edu.alexu.csd.oop.jdbc.cs43.MyLogger</logger>
  <level>WARNING</level>
  <class>eg.edu.alexu.csd.oop.jdbc.cs43.MyConnection</class>
  <method>createStatement</method>
  <thread>1</thread>
  <message>call statement.close() to save changes</message>
</record>
<record>
  <date>2018-12-10T00:06:00</date>
  <millis>1544389560870</millis>
  <sequence>156</sequence>
  <logger>eg.edu.alexu.csd.oop.jdbc.cs43.MyLogger</logger>
  <level>INFO</level>
  <class>eg.edu.alexu.csd.oop.jdbc.cs43.MyStatement</class>
  <method>execute</method>
  <thread>1</thread>
  <message>a structure query is executed</message>
</record>
<record>
  <date>2018-12-10T00:06:00</date>
  <millis>1544389560881</millis>
  <sequence>157</sequence>
  <logger>eg.edu.alexu.csd.oop.jdbc.cs43.MyLogger</logger>
  <level>INFO</level>
  <class>eg.edu.alexu.csd.oop.jdbc.cs43.MyStatement$4</class>
  <method>run</method>
  <thread>106</thread>
  <message>an update query is executed</message>
</record>
<record>
  <date>2018-12-10T00:06:00</date>
  <millis>1544389560890</millis>
  <sequence>158</sequence>
  <logger>eg.edu.alexu.csd.oop.jdbc.cs43.MyLogger</logger>
  <level>INFO</level>
  <class>eg.edu.alexu.csd.oop.jdbc.cs43.MyStatement$4</class>
  <method>run</method>
  <thread>108</thread>
  <message>an update query is executed</message>
</record>
<record>
  <date>2018-12-10T00:06:00</date>
  <millis>1544389560891</millis>
  <sequence>159</sequence>
  <logger>eg.edu.alexu.csd.oop.jdbc.cs43.MyLogger</logger>
  <level>INFO</level>
  <class>eg.edu.alexu.csd.oop.jdbc.cs43.MyStatement$4</class>
  <method>run</method>
  <thread>109</thread>
  <message>an update query is executed</message>
</record>
<record>
  <date>2018-12-10T00:06:00</date>
  <millis>1544389560892</millis>
  <sequence>160</sequence>
  <logger>eg.edu.alexu.csd.oop.jdbc.cs43.MyLogger</logger>
  <level>INFO</level>
  <class>eg.edu.alexu.csd.oop.jdbc.cs43.MyStatement$4</class>
  <method>run</method>
  <thread>110</thread>
  <message>an update query is executed</message>
</record>
<record>
  <date>2018-12-10T00:06:00</date>
  <millis>1544389560894</millis>
  <sequence>161</sequence>
  <logger>eg.edu.alexu.csd.oop.jdbc.cs43.MyLogger</logger>
  <level>INFO</level>
  <class>eg.edu.alexu.csd.oop.jdbc.cs43.MyStatement</class>
  <method>close</method>
  <thread>1</thread>
  <message>a statment is closed</message>
</record>
<record>
  <date>2018-12-10T00:06:00</date>
  <millis>1544389560900</millis>
  <sequence>162</sequence>
  <logger>eg.edu.alexu.csd.oop.jdbc.cs43.MyLogger</logger>
  <level>INFO</level>
  <class>eg.edu.alexu.csd.oop.jdbc.cs43.MyConnection</class>
  <method>close</method>
  <thread>1</thread>
  <message>connection to pathC:\Users\SHIKO\git\JDBC\sample\90840is closed</message>
</record>
<record>
  <date>2018-12-10T00:06:00</date>
  <millis>1544389560900</millis>
  <sequence>163</sequence>
  <logger>eg.edu.alexu.csd.oop.jdbc.cs43.MyLogger</logger>
  <level>INFO</level>
  <class>eg.edu.alexu.csd.oop.jdbc.cs43.MyStatement</class>
  <method>close</method>
  <thread>1</thread>
  <message>a statment is closed</message>
</record>
<record>
  <date>2018-12-10T00:06:00</date>
  <millis>1544389560901</millis>
  <sequence>164</sequence>
  <logger>eg.edu.alexu.csd.oop.jdbc.cs43.MyLogger</logger>
  <level>INFO</level>
  <class>eg.edu.alexu.csd.oop.jdbc.cs43.MyStatement</class>
  <method>close</method>
  <thread>1</thread>
  <message>a statment is closed</message>
</record>
<record>
  <date>2018-12-10T00:06:00</date>
  <millis>1544389560904</millis>
  <sequence>165</sequence>
  <logger>eg.edu.alexu.csd.oop.jdbc.cs43.MyLogger</logger>
  <level>INFO</level>
  <class>eg.edu.alexu.csd.oop.jdbc.cs43.JDBCDriver</class>
  <method>acceptsURL</method>
  <thread>1</thread>
  <message>url is accepted , jdbc driver is active now</message>
</record>
<record>
  <date>2018-12-10T00:06:00</date>
  <millis>1544389560905</millis>
  <sequence>166</sequence>
  <logger>eg.edu.alexu.csd.oop.jdbc.cs43.MyLogger</logger>
  <level>INFO</level>
  <class>eg.edu.alexu.csd.oop.jdbc.cs43.JDBCDriver</class>
  <method>connect</method>
  <thread>1</thread>
  <message>driver is connected to the pathC:\Users\SHIKO\git\JDBC\sample\39642</message>
</record>
<record>
  <date>2018-12-10T00:06:00</date>
  <millis>1544389560905</millis>
  <sequence>167</sequence>
  <logger>eg.edu.alexu.csd.oop.jdbc.cs43.MyLogger</logger>
  <level>INFO</level>
  <class>eg.edu.alexu.csd.oop.jdbc.cs43.MyConnection</class>
  <method>createStatement</method>
  <thread>1</thread>
  <message>a statement is created</message>
</record>
<record>
  <date>2018-12-10T00:06:00</date>
  <millis>1544389560905</millis>
  <sequence>168</sequence>
  <logger>eg.edu.alexu.csd.oop.jdbc.cs43.MyLogger</logger>
  <level>WARNING</level>
  <class>eg.edu.alexu.csd.oop.jdbc.cs43.MyConnection</class>
  <method>createStatement</method>
  <thread>1</thread>
  <message>call statement.close() to save changes</message>
</record>
<record>
  <date>2018-12-10T00:06:00</date>
  <millis>1544389560908</millis>
  <sequence>169</sequence>
  <logger>eg.edu.alexu.csd.oop.jdbc.cs43.MyLogger</logger>
  <level>INFO</level>
  <class>eg.edu.alexu.csd.oop.jdbc.cs43.MyStatement</class>
  <method>execute</method>
  <thread>1</thread>
  <message>a structure query is executed</message>
</record>
<record>
  <date>2018-12-10T00:06:00</date>
  <millis>1544389560918</millis>
  <sequence>170</sequence>
  <logger>eg.edu.alexu.csd.oop.jdbc.cs43.MyLogger</logger>
  <level>INFO</level>
  <class>eg.edu.alexu.csd.oop.jdbc.cs43.MyStatement</class>
  <method>execute</method>
  <thread>1</thread>
  <message>a structure query is executed</message>
</record>
<record>
  <date>2018-12-10T00:06:00</date>
  <millis>1544389560918</millis>
  <sequence>171</sequence>
  <logger>eg.edu.alexu.csd.oop.jdbc.cs43.MyLogger</logger>
  <level>INFO</level>
  <class>eg.edu.alexu.csd.oop.jdbc.cs43.MyStatement</class>
  <method>close</method>
  <thread>1</thread>
  <message>a statment is closed</message>
</record>
<record>
  <date>2018-12-10T00:06:00</date>
  <millis>1544389560919</millis>
  <sequence>172</sequence>
  <logger>eg.edu.alexu.csd.oop.jdbc.cs43.MyLogger</logger>
  <level>INFO</level>
  <class>eg.edu.alexu.csd.oop.jdbc.cs43.MyConnection</class>
  <method>createStatement</method>
  <thread>1</thread>
  <message>a statement is created</message>
</record>
<record>
  <date>2018-12-10T00:06:00</date>
  <millis>1544389560920</millis>
  <sequence>173</sequence>
  <logger>eg.edu.alexu.csd.oop.jdbc.cs43.MyLogger</logger>
  <level>WARNING</level>
  <class>eg.edu.alexu.csd.oop.jdbc.cs43.MyConnection</class>
  <method>createStatement</method>
  <thread>1</thread>
  <message>call statement.close() to save changes</message>
</record>
<record>
  <date>2018-12-10T00:06:00</date>
  <millis>1544389560930</millis>
  <sequence>174</sequence>
  <logger>eg.edu.alexu.csd.oop.jdbc.cs43.MyLogger</logger>
  <level>INFO</level>
  <class>eg.edu.alexu.csd.oop.jdbc.cs43.MyStatement</class>
  <method>execute</method>
  <thread>1</thread>
  <message>a structure query is executed</message>
</record>
<record>
  <date>2018-12-10T00:06:00</date>
  <millis>1544389560938</millis>
  <sequence>175</sequence>
  <logger>eg.edu.alexu.csd.oop.jdbc.cs43.MyLogger</logger>
  <level>INFO</level>
  <class>eg.edu.alexu.csd.oop.jdbc.cs43.MyStatement$4</class>
  <method>run</method>
  <thread>116</thread>
  <message>an update query is executed</message>
</record>
<record>
  <date>2018-12-10T00:06:00</date>
  <millis>1544389560940</millis>
  <sequence>176</sequence>
  <logger>eg.edu.alexu.csd.oop.jdbc.cs43.MyLogger</logger>
  <level>INFO</level>
  <class>eg.edu.alexu.csd.oop.jdbc.cs43.MyStatement</class>
  <method>execute</method>
  <thread>1</thread>
  <message>an update query is executed</message>
</record>
<record>
  <date>2018-12-10T00:06:00</date>
  <millis>1544389560941</millis>
  <sequence>177</sequence>
  <logger>eg.edu.alexu.csd.oop.jdbc.cs43.MyLogger</logger>
  <level>INFO</level>
  <class>eg.edu.alexu.csd.oop.jdbc.cs43.MyStatement$4</class>
  <method>run</method>
  <thread>119</thread>
  <message>an update query is executed</message>
</record>
<record>
  <date>2018-12-10T00:06:00</date>
  <millis>1544389560942</millis>
  <sequence>178</sequence>
  <logger>eg.edu.alexu.csd.oop.jdbc.cs43.MyLogger</logger>
  <level>INFO</level>
  <class>eg.edu.alexu.csd.oop.jdbc.cs43.MyStatement$4</class>
  <method>run</method>
  <thread>120</thread>
  <message>an update query is executed</message>
</record>
<record>
  <date>2018-12-10T00:06:00</date>
  <millis>1544389560943</millis>
  <sequence>179</sequence>
  <logger>eg.edu.alexu.csd.oop.jdbc.cs43.MyLogger</logger>
  <level>INFO</level>
  <class>eg.edu.alexu.csd.oop.jdbc.cs43.MyStatement</class>
  <method>execute</method>
  <thread>1</thread>
  <message>a select query is executed</message>
</record>
<record>
  <date>2018-12-10T00:06:00</date>
  <millis>1544389560945</millis>
  <sequence>180</sequence>
  <logger>eg.edu.alexu.csd.oop.jdbc.cs43.MyLogger</logger>
  <level>INFO</level>
  <class>eg.edu.alexu.csd.oop.jdbc.cs43.MyStatement</class>
  <method>close</method>
  <thread>1</thread>
  <message>a statment is closed</message>
</record>
<record>
  <date>2018-12-10T00:06:00</date>
  <millis>1544389560951</millis>
  <sequence>181</sequence>
  <logger>eg.edu.alexu.csd.oop.jdbc.cs43.MyLogger</logger>
  <level>INFO</level>
  <class>eg.edu.alexu.csd.oop.jdbc.cs43.MyConnection</class>
  <method>close</method>
  <thread>1</thread>
  <message>connection to pathC:\Users\SHIKO\git\JDBC\sample\39642is closed</message>
</record>
<record>
  <date>2018-12-10T00:06:00</date>
  <millis>1544389560951</millis>
  <sequence>182</sequence>
  <logger>eg.edu.alexu.csd.oop.jdbc.cs43.MyLogger</logger>
  <level>INFO</level>
  <class>eg.edu.alexu.csd.oop.jdbc.cs43.MyStatement</class>
  <method>close</method>
  <thread>1</thread>
  <message>a statment is closed</message>
</record>
<record>
  <date>2018-12-10T00:06:00</date>
  <millis>1544389560951</millis>
  <sequence>183</sequence>
  <logger>eg.edu.alexu.csd.oop.jdbc.cs43.MyLogger</logger>
  <level>INFO</level>
  <class>eg.edu.alexu.csd.oop.jdbc.cs43.MyStatement</class>
  <method>close</method>
  <thread>1</thread>
  <message>a statment is closed</message>
</record>
<record>
  <date>2018-12-10T00:06:00</date>
  <millis>1544389560956</millis>
  <sequence>184</sequence>
  <logger>eg.edu.alexu.csd.oop.jdbc.cs43.MyLogger</logger>
  <level>INFO</level>
  <class>eg.edu.alexu.csd.oop.jdbc.cs43.JDBCDriver</class>
  <method>acceptsURL</method>
  <thread>1</thread>
  <message>url is accepted , jdbc driver is active now</message>
</record>
<record>
  <date>2018-12-10T00:06:00</date>
  <millis>1544389560956</millis>
  <sequence>185</sequence>
  <logger>eg.edu.alexu.csd.oop.jdbc.cs43.MyLogger</logger>
  <level>INFO</level>
  <class>eg.edu.alexu.csd.oop.jdbc.cs43.JDBCDriver</class>
  <method>connect</method>
  <thread>1</thread>
  <message>driver is connected to the pathC:\Users\SHIKO\git\JDBC\sample\14146</message>
</record>
<record>
  <date>2018-12-10T00:06:00</date>
  <millis>1544389560956</millis>
  <sequence>186</sequence>
  <logger>eg.edu.alexu.csd.oop.jdbc.cs43.MyLogger</logger>
  <level>INFO</level>
  <class>eg.edu.alexu.csd.oop.jdbc.cs43.MyConnection</class>
  <method>createStatement</method>
  <thread>1</thread>
  <message>a statement is created</message>
</record>
<record>
  <date>2018-12-10T00:06:00</date>
  <millis>1544389560957</millis>
  <sequence>187</sequence>
  <logger>eg.edu.alexu.csd.oop.jdbc.cs43.MyLogger</logger>
  <level>WARNING</level>
  <class>eg.edu.alexu.csd.oop.jdbc.cs43.MyConnection</class>
  <method>createStatement</method>
  <thread>1</thread>
  <message>call statement.close() to save changes</message>
</record>
<record>
  <date>2018-12-10T00:06:00</date>
  <millis>1544389560958</millis>
  <sequence>188</sequence>
  <logger>eg.edu.alexu.csd.oop.jdbc.cs43.MyLogger</logger>
  <level>INFO</level>
  <class>eg.edu.alexu.csd.oop.jdbc.cs43.MyStatement</class>
  <method>execute</method>
  <thread>1</thread>
  <message>a structure query is executed</message>
</record>
<record>
  <date>2018-12-10T00:06:00</date>
  <millis>1544389560960</millis>
  <sequence>189</sequence>
  <logger>eg.edu.alexu.csd.oop.jdbc.cs43.MyLogger</logger>
  <level>INFO</level>
  <class>eg.edu.alexu.csd.oop.jdbc.cs43.MyStatement</class>
  <method>execute</method>
  <thread>1</thread>
  <message>a structure query is executed</message>
</record>
<record>
  <date>2018-12-10T00:06:00</date>
  <millis>1544389560960</millis>
  <sequence>190</sequence>
  <logger>eg.edu.alexu.csd.oop.jdbc.cs43.MyLogger</logger>
  <level>INFO</level>
  <class>eg.edu.alexu.csd.oop.jdbc.cs43.MyStatement</class>
  <method>close</method>
  <thread>1</thread>
  <message>a statment is closed</message>
</record>
<record>
  <date>2018-12-10T00:06:00</date>
  <millis>1544389560960</millis>
  <sequence>191</sequence>
  <logger>eg.edu.alexu.csd.oop.jdbc.cs43.MyLogger</logger>
  <level>INFO</level>
  <class>eg.edu.alexu.csd.oop.jdbc.cs43.MyConnection</class>
  <method>createStatement</method>
  <thread>1</thread>
  <message>a statement is created</message>
</record>
<record>
  <date>2018-12-10T00:06:00</date>
  <millis>1544389560961</millis>
  <sequence>192</sequence>
  <logger>eg.edu.alexu.csd.oop.jdbc.cs43.MyLogger</logger>
  <level>WARNING</level>
  <class>eg.edu.alexu.csd.oop.jdbc.cs43.MyConnection</class>
  <method>createStatement</method>
  <thread>1</thread>
  <message>call statement.close() to save changes</message>
</record>
<record>
  <date>2018-12-10T00:06:00</date>
  <millis>1544389560967</millis>
  <sequence>193</sequence>
  <logger>eg.edu.alexu.csd.oop.jdbc.cs43.MyLogger</logger>
  <level>INFO</level>
  <class>eg.edu.alexu.csd.oop.jdbc.cs43.MyStatement</class>
  <method>execute</method>
  <thread>1</thread>
  <message>a structure query is executed</message>
</record>
<record>
  <date>2018-12-10T00:06:00</date>
  <millis>1544389560974</millis>
  <sequence>194</sequence>
  <logger>eg.edu.alexu.csd.oop.jdbc.cs43.MyLogger</logger>
  <level>INFO</level>
  <class>eg.edu.alexu.csd.oop.jdbc.cs43.MyStatement$4</class>
  <method>run</method>
  <thread>128</thread>
  <message>an update query is executed</message>
</record>
<record>
  <date>2018-12-10T00:06:00</date>
  <millis>1544389560974</millis>
  <sequence>195</sequence>
  <logger>eg.edu.alexu.csd.oop.jdbc.cs43.MyLogger</logger>
  <level>INFO</level>
  <class>eg.edu.alexu.csd.oop.jdbc.cs43.MyStatement</class>
  <method>close</method>
  <thread>1</thread>
  <message>a statment is closed</message>
</record>
<record>
  <date>2018-12-10T00:06:00</date>
  <millis>1544389560979</millis>
  <sequence>196</sequence>
  <logger>eg.edu.alexu.csd.oop.jdbc.cs43.MyLogger</logger>
  <level>INFO</level>
  <class>eg.edu.alexu.csd.oop.jdbc.cs43.MyConnection</class>
  <method>createStatement</method>
  <thread>1</thread>
  <message>a statement is created</message>
</record>
<record>
  <date>2018-12-10T00:06:00</date>
  <millis>1544389560979</millis>
  <sequence>197</sequence>
  <logger>eg.edu.alexu.csd.oop.jdbc.cs43.MyLogger</logger>
  <level>WARNING</level>
  <class>eg.edu.alexu.csd.oop.jdbc.cs43.MyConnection</class>
  <method>createStatement</method>
  <thread>1</thread>
  <message>call statement.close() to save changes</message>
</record>
<record>
  <date>2018-12-10T00:06:00</date>
  <millis>1544389560980</millis>
  <sequence>198</sequence>
  <logger>eg.edu.alexu.csd.oop.jdbc.cs43.MyLogger</logger>
  <level>INFO</level>
  <class>eg.edu.alexu.csd.oop.jdbc.cs43.MyConnection</class>
  <method>close</method>
  <thread>1</thread>
  <message>connection to pathC:\Users\SHIKO\git\JDBC\sample\14146is closed</message>
</record>
<record>
  <date>2018-12-10T00:06:00</date>
  <millis>1544389560981</millis>
  <sequence>199</sequence>
  <logger>eg.edu.alexu.csd.oop.jdbc.cs43.MyLogger</logger>
  <level>INFO</level>
  <class>eg.edu.alexu.csd.oop.jdbc.cs43.MyStatement</class>
  <method>close</method>
  <thread>1</thread>
  <message>a statment is closed</message>
</record>
<record>
  <date>2018-12-10T00:06:00</date>
  <millis>1544389560981</millis>
  <sequence>200</sequence>
  <logger>eg.edu.alexu.csd.oop.jdbc.cs43.MyLogger</logger>
  <level>INFO</level>
  <class>eg.edu.alexu.csd.oop.jdbc.cs43.MyStatement</class>
  <method>close</method>
  <thread>1</thread>
  <message>a statment is closed</message>
</record>
<record>
  <date>2018-12-10T00:06:00</date>
  <millis>1544389560981</millis>
  <sequence>201</sequence>
  <logger>eg.edu.alexu.csd.oop.jdbc.cs43.MyLogger</logger>
  <level>INFO</level>
  <class>eg.edu.alexu.csd.oop.jdbc.cs43.MyStatement</class>
  <method>close</method>
  <thread>1</thread>
  <message>a statment is closed</message>
</record>
<record>
  <date>2018-12-10T00:06:00</date>
  <millis>1544389560985</millis>
  <sequence>202</sequence>
  <logger>eg.edu.alexu.csd.oop.jdbc.cs43.MyLogger</logger>
  <level>INFO</level>
  <class>eg.edu.alexu.csd.oop.jdbc.cs43.JDBCDriver</class>
  <method>acceptsURL</method>
  <thread>1</thread>
  <message>url is accepted , jdbc driver is active now</message>
</record>
<record>
  <date>2018-12-10T00:06:00</date>
  <millis>1544389560985</millis>
  <sequence>203</sequence>
  <logger>eg.edu.alexu.csd.oop.jdbc.cs43.MyLogger</logger>
  <level>INFO</level>
  <class>eg.edu.alexu.csd.oop.jdbc.cs43.JDBCDriver</class>
  <method>connect</method>
  <thread>1</thread>
  <message>driver is connected to the pathC:\Users\SHIKO\git\JDBC\sample\18708.320273414447</message>
</record>
<record>
  <date>2018-12-10T00:06:00</date>
  <millis>1544389560986</millis>
  <sequence>204</sequence>
  <logger>eg.edu.alexu.csd.oop.jdbc.cs43.MyLogger</logger>
  <level>INFO</level>
  <class>eg.edu.alexu.csd.oop.jdbc.cs43.MyConnection</class>
  <method>createStatement</method>
  <thread>1</thread>
  <message>a statement is created</message>
</record>
<record>
  <date>2018-12-10T00:06:00</date>
  <millis>1544389560986</millis>
  <sequence>205</sequence>
  <logger>eg.edu.alexu.csd.oop.jdbc.cs43.MyLogger</logger>
  <level>WARNING</level>
  <class>eg.edu.alexu.csd.oop.jdbc.cs43.MyConnection</class>
  <method>createStatement</method>
  <thread>1</thread>
  <message>call statement.close() to save changes</message>
</record>
<record>
  <date>2018-12-10T00:06:00</date>
  <millis>1544389560987</millis>
  <sequence>206</sequence>
  <logger>eg.edu.alexu.csd.oop.jdbc.cs43.MyLogger</logger>
  <level>INFO</level>
  <class>eg.edu.alexu.csd.oop.jdbc.cs43.MyStatement</class>
  <method>execute</method>
  <thread>1</thread>
  <message>a structure query is executed</message>
</record>
<record>
  <date>2018-12-10T00:06:00</date>
  <millis>1544389560989</millis>
  <sequence>207</sequence>
  <logger>eg.edu.alexu.csd.oop.jdbc.cs43.MyLogger</logger>
  <level>INFO</level>
  <class>eg.edu.alexu.csd.oop.jdbc.cs43.MyStatement</class>
  <method>execute</method>
  <thread>1</thread>
  <message>a structure query is executed</message>
</record>
<record>
  <date>2018-12-10T00:06:00</date>
  <millis>1544389560991</millis>
  <sequence>208</sequence>
  <logger>eg.edu.alexu.csd.oop.jdbc.cs43.MyLogger</logger>
  <level>INFO</level>
  <class>eg.edu.alexu.csd.oop.jdbc.cs43.MyStatement</class>
  <method>execute</method>
  <thread>1</thread>
  <message>a structure query is executed</message>
</record>
<record>
  <date>2018-12-10T00:06:00</date>
  <millis>1544389560992</millis>
  <sequence>209</sequence>
  <logger>eg.edu.alexu.csd.oop.jdbc.cs43.MyLogger</logger>
  <level>INFO</level>
  <class>eg.edu.alexu.csd.oop.jdbc.cs43.MyStatement</class>
  <method>close</method>
  <thread>1</thread>
  <message>a statment is closed</message>
</record>
<record>
  <date>2018-12-10T00:06:00</date>
  <millis>1544389560992</millis>
  <sequence>210</sequence>
  <logger>eg.edu.alexu.csd.oop.jdbc.cs43.MyLogger</logger>
  <level>INFO</level>
  <class>eg.edu.alexu.csd.oop.jdbc.cs43.MyConnection</class>
  <method>createStatement</method>
  <thread>1</thread>
  <message>a statement is created</message>
</record>
<record>
  <date>2018-12-10T00:06:00</date>
  <millis>1544389560993</millis>
  <sequence>211</sequence>
  <logger>eg.edu.alexu.csd.oop.jdbc.cs43.MyLogger</logger>
  <level>WARNING</level>
  <class>eg.edu.alexu.csd.oop.jdbc.cs43.MyConnection</class>
  <method>createStatement</method>
  <thread>1</thread>
  <message>call statement.close() to save changes</message>
</record>
<record>
  <date>2018-12-10T00:06:00</date>
  <millis>1544389560994</millis>
  <sequence>212</sequence>
  <logger>eg.edu.alexu.csd.oop.jdbc.cs43.MyLogger</logger>
  <level>INFO</level>
  <class>eg.edu.alexu.csd.oop.jdbc.cs43.MyStatement</class>
  <method>execute</method>
  <thread>1</thread>
  <message>a structure query is executed</message>
</record>
<record>
  <date>2018-12-10T00:06:00</date>
  <millis>1544389560998</millis>
  <sequence>213</sequence>
  <logger>eg.edu.alexu.csd.oop.jdbc.cs43.MyLogger</logger>
  <level>INFO</level>
  <class>eg.edu.alexu.csd.oop.jdbc.cs43.MyStatement</class>
  <method>execute</method>
  <thread>1</thread>
  <message>a structure query is executed</message>
</record>
<record>
  <date>2018-12-10T00:06:01</date>
  <millis>1544389561000</millis>
  <sequence>214</sequence>
  <logger>eg.edu.alexu.csd.oop.jdbc.cs43.MyLogger</logger>
  <level>INFO</level>
  <class>eg.edu.alexu.csd.oop.jdbc.cs43.MyStatement</class>
  <method>execute</method>
  <thread>1</thread>
  <message>a structure query is executed</message>
</record>
<record>
  <date>2018-12-10T00:06:01</date>
  <millis>1544389561001</millis>
  <sequence>215</sequence>
  <logger>eg.edu.alexu.csd.oop.jdbc.cs43.MyLogger</logger>
  <level>INFO</level>
  <class>eg.edu.alexu.csd.oop.jdbc.cs43.MyStatement</class>
  <method>close</method>
  <thread>1</thread>
  <message>a statment is closed</message>
</record>
<record>
  <date>2018-12-10T00:06:01</date>
  <millis>1544389561002</millis>
  <sequence>216</sequence>
  <logger>eg.edu.alexu.csd.oop.jdbc.cs43.MyLogger</logger>
  <level>INFO</level>
  <class>eg.edu.alexu.csd.oop.jdbc.cs43.MyConnection</class>
  <method>close</method>
  <thread>1</thread>
  <message>connection to pathC:\Users\SHIKO\git\JDBC\sample\18708.320273414447is closed</message>
</record>
<record>
  <date>2018-12-10T00:06:01</date>
  <millis>1544389561002</millis>
  <sequence>217</sequence>
  <logger>eg.edu.alexu.csd.oop.jdbc.cs43.MyLogger</logger>
  <level>INFO</level>
  <class>eg.edu.alexu.csd.oop.jdbc.cs43.MyStatement</class>
  <method>close</method>
  <thread>1</thread>
  <message>a statment is closed</message>
</record>
<record>
  <date>2018-12-10T00:06:01</date>
  <millis>1544389561002</millis>
  <sequence>218</sequence>
  <logger>eg.edu.alexu.csd.oop.jdbc.cs43.MyLogger</logger>
  <level>INFO</level>
  <class>eg.edu.alexu.csd.oop.jdbc.cs43.MyStatement</class>
  <method>close</method>
  <thread>1</thread>
  <message>a statment is closed</message>
</record>
<record>
  <date>2018-12-10T00:06:01</date>
  <millis>1544389561006</millis>
  <sequence>219</sequence>
  <logger>eg.edu.alexu.csd.oop.jdbc.cs43.MyLogger</logger>
  <level>INFO</level>
  <class>eg.edu.alexu.csd.oop.jdbc.cs43.JDBCDriver</class>
  <method>acceptsURL</method>
  <thread>1</thread>
  <message>url is accepted , jdbc driver is active now</message>
</record>
<record>
  <date>2018-12-10T00:06:01</date>
  <millis>1544389561007</millis>
  <sequence>220</sequence>
  <logger>eg.edu.alexu.csd.oop.jdbc.cs43.MyLogger</logger>
  <level>INFO</level>
  <class>eg.edu.alexu.csd.oop.jdbc.cs43.JDBCDriver</class>
  <method>connect</method>
  <thread>1</thread>
  <message>driver is connected to the pathC:\Users\SHIKO\git\JDBC\sample\53120</message>
</record>
<record>
  <date>2018-12-10T00:06:01</date>
  <millis>1544389561007</millis>
  <sequence>221</sequence>
  <logger>eg.edu.alexu.csd.oop.jdbc.cs43.MyLogger</logger>
  <level>INFO</level>
  <class>eg.edu.alexu.csd.oop.jdbc.cs43.MyConnection</class>
  <method>createStatement</method>
  <thread>1</thread>
  <message>a statement is created</message>
</record>
<record>
  <date>2018-12-10T00:06:01</date>
  <millis>1544389561007</millis>
  <sequence>222</sequence>
  <logger>eg.edu.alexu.csd.oop.jdbc.cs43.MyLogger</logger>
  <level>WARNING</level>
  <class>eg.edu.alexu.csd.oop.jdbc.cs43.MyConnection</class>
  <method>createStatement</method>
  <thread>1</thread>
  <message>call statement.close() to save changes</message>
</record>
<record>
  <date>2018-12-10T00:06:01</date>
  <millis>1544389561008</millis>
  <sequence>223</sequence>
  <logger>eg.edu.alexu.csd.oop.jdbc.cs43.MyLogger</logger>
  <level>INFO</level>
  <class>eg.edu.alexu.csd.oop.jdbc.cs43.MyStatement</class>
  <method>execute</method>
  <thread>1</thread>
  <message>a structure query is executed</message>
</record>
<record>
  <date>2018-12-10T00:06:01</date>
  <millis>1544389561010</millis>
  <sequence>224</sequence>
  <logger>eg.edu.alexu.csd.oop.jdbc.cs43.MyLogger</logger>
  <level>INFO</level>
  <class>eg.edu.alexu.csd.oop.jdbc.cs43.MyStatement</class>
  <method>execute</method>
  <thread>1</thread>
  <message>a structure query is executed</message>
</record>
<record>
  <date>2018-12-10T00:06:01</date>
  <millis>1544389561010</millis>
  <sequence>225</sequence>
  <logger>eg.edu.alexu.csd.oop.jdbc.cs43.MyLogger</logger>
  <level>INFO</level>
  <class>eg.edu.alexu.csd.oop.jdbc.cs43.MyStatement</class>
  <method>close</method>
  <thread>1</thread>
  <message>a statment is closed</message>
</record>
<record>
  <date>2018-12-10T00:06:01</date>
  <millis>1544389561010</millis>
  <sequence>226</sequence>
  <logger>eg.edu.alexu.csd.oop.jdbc.cs43.MyLogger</logger>
  <level>INFO</level>
  <class>eg.edu.alexu.csd.oop.jdbc.cs43.MyConnection</class>
  <method>createStatement</method>
  <thread>1</thread>
  <message>a statement is created</message>
</record>
<record>
  <date>2018-12-10T00:06:01</date>
  <millis>1544389561011</millis>
  <sequence>227</sequence>
  <logger>eg.edu.alexu.csd.oop.jdbc.cs43.MyLogger</logger>
  <level>WARNING</level>
  <class>eg.edu.alexu.csd.oop.jdbc.cs43.MyConnection</class>
  <method>createStatement</method>
  <thread>1</thread>
  <message>call statement.close() to save changes</message>
</record>
<record>
  <date>2018-12-10T00:06:01</date>
  <millis>1544389561020</millis>
  <sequence>228</sequence>
  <logger>eg.edu.alexu.csd.oop.jdbc.cs43.MyLogger</logger>
  <level>INFO</level>
  <class>eg.edu.alexu.csd.oop.jdbc.cs43.MyStatement</class>
  <method>execute</method>
  <thread>1</thread>
  <message>a structure query is executed</message>
</record>
<record>
  <date>2018-12-10T00:06:01</date>
  <millis>1544389561021</millis>
  <sequence>229</sequence>
  <logger>eg.edu.alexu.csd.oop.jdbc.cs43.MyLogger</logger>
  <level>INFO</level>
  <class>eg.edu.alexu.csd.oop.jdbc.cs43.MyStatement</class>
  <method>close</method>
  <thread>1</thread>
  <message>a statment is closed</message>
</record>
<record>
  <date>2018-12-10T00:06:01</date>
  <millis>1544389561021</millis>
  <sequence>230</sequence>
  <logger>eg.edu.alexu.csd.oop.jdbc.cs43.MyLogger</logger>
  <level>INFO</level>
  <class>eg.edu.alexu.csd.oop.jdbc.cs43.MyConnection</class>
  <method>createStatement</method>
  <thread>1</thread>
  <message>a statement is created</message>
</record>
<record>
  <date>2018-12-10T00:06:01</date>
  <millis>1544389561021</millis>
  <sequence>231</sequence>
  <logger>eg.edu.alexu.csd.oop.jdbc.cs43.MyLogger</logger>
  <level>WARNING</level>
  <class>eg.edu.alexu.csd.oop.jdbc.cs43.MyConnection</class>
  <method>createStatement</method>
  <thread>1</thread>
  <message>call statement.close() to save changes</message>
</record>
<record>
  <date>2018-12-10T00:06:01</date>
  <millis>1544389561022</millis>
  <sequence>232</sequence>
  <logger>eg.edu.alexu.csd.oop.jdbc.cs43.MyLogger</logger>
  <level>INFO</level>
  <class>eg.edu.alexu.csd.oop.jdbc.cs43.MyStatement</class>
  <method>execute</method>
  <thread>1</thread>
  <message>a structure query is executed</message>
</record>
<record>
  <date>2018-12-10T00:06:01</date>
  <millis>1544389561022</millis>
  <sequence>233</sequence>
  <logger>eg.edu.alexu.csd.oop.jdbc.cs43.MyLogger</logger>
  <level>INFO</level>
  <class>eg.edu.alexu.csd.oop.jdbc.cs43.MyConnection</class>
  <method>createStatement</method>
  <thread>1</thread>
  <message>a statement is created</message>
</record>
<record>
  <date>2018-12-10T00:06:01</date>
  <millis>1544389561023</millis>
  <sequence>234</sequence>
  <logger>eg.edu.alexu.csd.oop.jdbc.cs43.MyLogger</logger>
  <level>WARNING</level>
  <class>eg.edu.alexu.csd.oop.jdbc.cs43.MyConnection</class>
  <method>createStatement</method>
  <thread>1</thread>
  <message>call statement.close() to save changes</message>
</record>
<record>
  <date>2018-12-10T00:06:01</date>
  <millis>1544389561023</millis>
  <sequence>235</sequence>
  <logger>eg.edu.alexu.csd.oop.jdbc.cs43.MyLogger</logger>
  <level>INFO</level>
  <class>eg.edu.alexu.csd.oop.jdbc.cs43.MyConnection</class>
  <method>close</method>
  <thread>1</thread>
  <message>connection to pathC:\Users\SHIKO\git\JDBC\sample\53120is closed</message>
</record>
<record>
  <date>2018-12-10T00:06:01</date>
  <millis>1544389561024</millis>
  <sequence>236</sequence>
  <logger>eg.edu.alexu.csd.oop.jdbc.cs43.MyLogger</logger>
  <level>INFO</level>
  <class>eg.edu.alexu.csd.oop.jdbc.cs43.MyStatement</class>
  <method>close</method>
  <thread>1</thread>
  <message>a statment is closed</message>
</record>
<record>
  <date>2018-12-10T00:06:01</date>
  <millis>1544389561024</millis>
  <sequence>237</sequence>
  <logger>eg.edu.alexu.csd.oop.jdbc.cs43.MyLogger</logger>
  <level>INFO</level>
  <class>eg.edu.alexu.csd.oop.jdbc.cs43.MyStatement</class>
  <method>close</method>
  <thread>1</thread>
  <message>a statment is closed</message>
</record>
<record>
  <date>2018-12-10T00:06:01</date>
  <millis>1544389561025</millis>
  <sequence>238</sequence>
  <logger>eg.edu.alexu.csd.oop.jdbc.cs43.MyLogger</logger>
  <level>INFO</level>
  <class>eg.edu.alexu.csd.oop.jdbc.cs43.MyStatement</class>
  <method>close</method>
  <thread>1</thread>
  <message>a statment is closed</message>
</record>
<record>
  <date>2018-12-10T00:06:01</date>
  <millis>1544389561026</millis>
  <sequence>239</sequence>
  <logger>eg.edu.alexu.csd.oop.jdbc.cs43.MyLogger</logger>
  <level>INFO</level>
  <class>eg.edu.alexu.csd.oop.jdbc.cs43.MyStatement</class>
  <method>close</method>
  <thread>1</thread>
  <message>a statment is closed</message>
</record>
<record>
  <date>2018-12-10T00:06:01</date>
  <millis>1544389561032</millis>
  <sequence>240</sequence>
  <logger>eg.edu.alexu.csd.oop.jdbc.cs43.MyLogger</logger>
  <level>INFO</level>
  <class>eg.edu.alexu.csd.oop.jdbc.cs43.JDBCDriver</class>
  <method>acceptsURL</method>
  <thread>1</thread>
  <message>url is accepted , jdbc driver is active now</message>
</record>
<record>
  <date>2018-12-10T00:06:01</date>
  <millis>1544389561033</millis>
  <sequence>241</sequence>
  <logger>eg.edu.alexu.csd.oop.jdbc.cs43.MyLogger</logger>
  <level>INFO</level>
  <class>eg.edu.alexu.csd.oop.jdbc.cs43.JDBCDriver</class>
  <method>connect</method>
  <thread>1</thread>
  <message>driver is connected to the pathC:\Users\SHIKO\git\JDBC\sample\91537</message>
</record>
<record>
  <date>2018-12-10T00:06:01</date>
  <millis>1544389561033</millis>
  <sequence>242</sequence>
  <logger>eg.edu.alexu.csd.oop.jdbc.cs43.MyLogger</logger>
  <level>INFO</level>
  <class>eg.edu.alexu.csd.oop.jdbc.cs43.MyConnection</class>
  <method>createStatement</method>
  <thread>1</thread>
  <message>a statement is created</message>
</record>
<record>
  <date>2018-12-10T00:06:01</date>
  <millis>1544389561033</millis>
  <sequence>243</sequence>
  <logger>eg.edu.alexu.csd.oop.jdbc.cs43.MyLogger</logger>
  <level>WARNING</level>
  <class>eg.edu.alexu.csd.oop.jdbc.cs43.MyConnection</class>
  <method>createStatement</method>
  <thread>1</thread>
  <message>call statement.close() to save changes</message>
</record>
<record>
  <date>2018-12-10T00:06:01</date>
  <millis>1544389561034</millis>
  <sequence>244</sequence>
  <logger>eg.edu.alexu.csd.oop.jdbc.cs43.MyLogger</logger>
  <level>INFO</level>
  <class>eg.edu.alexu.csd.oop.jdbc.cs43.MyStatement</class>
  <method>execute</method>
  <thread>1</thread>
  <message>a structure query is executed</message>
</record>
<record>
  <date>2018-12-10T00:06:01</date>
  <millis>1544389561037</millis>
  <sequence>245</sequence>
  <logger>eg.edu.alexu.csd.oop.jdbc.cs43.MyLogger</logger>
  <level>INFO</level>
  <class>eg.edu.alexu.csd.oop.jdbc.cs43.MyStatement</class>
  <method>execute</method>
  <thread>1</thread>
  <message>a structure query is executed</message>
</record>
<record>
  <date>2018-12-10T00:06:01</date>
  <millis>1544389561037</millis>
  <sequence>246</sequence>
  <logger>eg.edu.alexu.csd.oop.jdbc.cs43.MyLogger</logger>
  <level>INFO</level>
  <class>eg.edu.alexu.csd.oop.jdbc.cs43.MyStatement</class>
  <method>close</method>
  <thread>1</thread>
  <message>a statment is closed</message>
</record>
<record>
  <date>2018-12-10T00:06:01</date>
  <millis>1544389561038</millis>
  <sequence>247</sequence>
  <logger>eg.edu.alexu.csd.oop.jdbc.cs43.MyLogger</logger>
  <level>INFO</level>
  <class>eg.edu.alexu.csd.oop.jdbc.cs43.MyConnection</class>
  <method>createStatement</method>
  <thread>1</thread>
  <message>a statement is created</message>
</record>
<record>
  <date>2018-12-10T00:06:01</date>
  <millis>1544389561038</millis>
  <sequence>248</sequence>
  <logger>eg.edu.alexu.csd.oop.jdbc.cs43.MyLogger</logger>
  <level>WARNING</level>
  <class>eg.edu.alexu.csd.oop.jdbc.cs43.MyConnection</class>
  <method>createStatement</method>
  <thread>1</thread>
  <message>call statement.close() to save changes</message>
</record>
<record>
  <date>2018-12-10T00:06:01</date>
  <millis>1544389561047</millis>
  <sequence>249</sequence>
  <logger>eg.edu.alexu.csd.oop.jdbc.cs43.MyLogger</logger>
  <level>INFO</level>
  <class>eg.edu.alexu.csd.oop.jdbc.cs43.MyStatement</class>
  <method>execute</method>
  <thread>1</thread>
  <message>a structure query is executed</message>
</record>
<record>
  <date>2018-12-10T00:06:01</date>
  <millis>1544389561054</millis>
  <sequence>250</sequence>
  <logger>eg.edu.alexu.csd.oop.jdbc.cs43.MyLogger</logger>
  <level>INFO</level>
  <class>eg.edu.alexu.csd.oop.jdbc.cs43.MyStatement$4</class>
  <method>run</method>
  <thread>158</thread>
  <message>an update query is executed</message>
</record>
<record>
  <date>2018-12-10T00:06:01</date>
  <millis>1544389561054</millis>
  <sequence>251</sequence>
  <logger>eg.edu.alexu.csd.oop.jdbc.cs43.MyLogger</logger>
  <level>INFO</level>
  <class>eg.edu.alexu.csd.oop.jdbc.cs43.MyStatement</class>
  <method>close</method>
  <thread>1</thread>
  <message>a statment is closed</message>
</record>
<record>
  <date>2018-12-10T00:06:01</date>
  <millis>1544389561059</millis>
  <sequence>252</sequence>
  <logger>eg.edu.alexu.csd.oop.jdbc.cs43.MyLogger</logger>
  <level>INFO</level>
  <class>eg.edu.alexu.csd.oop.jdbc.cs43.MyConnection</class>
  <method>close</method>
  <thread>1</thread>
  <message>connection to pathC:\Users\SHIKO\git\JDBC\sample\91537is closed</message>
</record>
<record>
  <date>2018-12-10T00:06:01</date>
  <millis>1544389561059</millis>
  <sequence>253</sequence>
  <logger>eg.edu.alexu.csd.oop.jdbc.cs43.MyLogger</logger>
  <level>INFO</level>
  <class>eg.edu.alexu.csd.oop.jdbc.cs43.MyStatement</class>
  <method>close</method>
  <thread>1</thread>
  <message>a statment is closed</message>
</record>
<record>
  <date>2018-12-10T00:06:01</date>
  <millis>1544389561059</millis>
  <sequence>254</sequence>
  <logger>eg.edu.alexu.csd.oop.jdbc.cs43.MyLogger</logger>
  <level>INFO</level>
  <class>eg.edu.alexu.csd.oop.jdbc.cs43.MyStatement</class>
  <method>close</method>
  <thread>1</thread>
  <message>a statment is closed</message>
</record>
<record>
  <date>2018-12-10T00:06:01</date>
  <millis>1544389561064</millis>
  <sequence>255</sequence>
  <logger>eg.edu.alexu.csd.oop.jdbc.cs43.MyLogger</logger>
  <level>INFO</level>
  <class>eg.edu.alexu.csd.oop.jdbc.cs43.JDBCDriver</class>
  <method>acceptsURL</method>
  <thread>1</thread>
  <message>url is accepted , jdbc driver is active now</message>
</record>
<record>
  <date>2018-12-10T00:06:01</date>
  <millis>1544389561065</millis>
  <sequence>256</sequence>
  <logger>eg.edu.alexu.csd.oop.jdbc.cs43.MyLogger</logger>
  <level>INFO</level>
  <class>eg.edu.alexu.csd.oop.jdbc.cs43.JDBCDriver</class>
  <method>connect</method>
  <thread>1</thread>
  <message>driver is connected to the pathC:\Users\SHIKO\git\JDBC\sample\71103</message>
</record>
<record>
  <date>2018-12-10T00:06:01</date>
  <millis>1544389561065</millis>
  <sequence>257</sequence>
  <logger>eg.edu.alexu.csd.oop.jdbc.cs43.MyLogger</logger>
  <level>INFO</level>
  <class>eg.edu.alexu.csd.oop.jdbc.cs43.MyConnection</class>
  <method>createStatement</method>
  <thread>1</thread>
  <message>a statement is created</message>
</record>
<record>
  <date>2018-12-10T00:06:01</date>
  <millis>1544389561066</millis>
  <sequence>258</sequence>
  <logger>eg.edu.alexu.csd.oop.jdbc.cs43.MyLogger</logger>
  <level>WARNING</level>
  <class>eg.edu.alexu.csd.oop.jdbc.cs43.MyConnection</class>
  <method>createStatement</method>
  <thread>1</thread>
  <message>call statement.close() to save changes</message>
</record>
<record>
  <date>2018-12-10T00:06:01</date>
  <millis>1544389561066</millis>
  <sequence>259</sequence>
  <logger>eg.edu.alexu.csd.oop.jdbc.cs43.MyLogger</logger>
  <level>INFO</level>
  <class>eg.edu.alexu.csd.oop.jdbc.cs43.MyStatement</class>
  <method>execute</method>
  <thread>1</thread>
  <message>a structure query is executed</message>
</record>
<record>
  <date>2018-12-10T00:06:01</date>
  <millis>1544389561069</millis>
  <sequence>260</sequence>
  <logger>eg.edu.alexu.csd.oop.jdbc.cs43.MyLogger</logger>
  <level>INFO</level>
  <class>eg.edu.alexu.csd.oop.jdbc.cs43.MyStatement</class>
  <method>execute</method>
  <thread>1</thread>
  <message>a structure query is executed</message>
</record>
<record>
  <date>2018-12-10T00:06:01</date>
  <millis>1544389561069</millis>
  <sequence>261</sequence>
  <logger>eg.edu.alexu.csd.oop.jdbc.cs43.MyLogger</logger>
  <level>INFO</level>
  <class>eg.edu.alexu.csd.oop.jdbc.cs43.MyStatement</class>
  <method>close</method>
  <thread>1</thread>
  <message>a statment is closed</message>
</record>
<record>
  <date>2018-12-10T00:06:01</date>
  <millis>1544389561070</millis>
  <sequence>262</sequence>
  <logger>eg.edu.alexu.csd.oop.jdbc.cs43.MyLogger</logger>
  <level>INFO</level>
  <class>eg.edu.alexu.csd.oop.jdbc.cs43.MyConnection</class>
  <method>createStatement</method>
  <thread>1</thread>
  <message>a statement is created</message>
</record>
<record>
  <date>2018-12-10T00:06:01</date>
  <millis>1544389561070</millis>
  <sequence>263</sequence>
  <logger>eg.edu.alexu.csd.oop.jdbc.cs43.MyLogger</logger>
  <level>WARNING</level>
  <class>eg.edu.alexu.csd.oop.jdbc.cs43.MyConnection</class>
  <method>createStatement</method>
  <thread>1</thread>
  <message>call statement.close() to save changes</message>
</record>
<record>
  <date>2018-12-10T00:06:01</date>
  <millis>1544389561079</millis>
  <sequence>264</sequence>
  <logger>eg.edu.alexu.csd.oop.jdbc.cs43.MyLogger</logger>
  <level>INFO</level>
  <class>eg.edu.alexu.csd.oop.jdbc.cs43.MyStatement</class>
  <method>execute</method>
  <thread>1</thread>
  <message>a structure query is executed</message>
</record>
<record>
  <date>2018-12-10T00:06:01</date>
  <millis>1544389561086</millis>
  <sequence>265</sequence>
  <logger>eg.edu.alexu.csd.oop.jdbc.cs43.MyLogger</logger>
  <level>INFO</level>
  <class>eg.edu.alexu.csd.oop.jdbc.cs43.MyStatement$4</class>
  <method>run</method>
  <thread>165</thread>
  <message>an update query is executed</message>
</record>
<record>
  <date>2018-12-10T00:06:01</date>
  <millis>1544389561087</millis>
  <sequence>266</sequence>
  <logger>eg.edu.alexu.csd.oop.jdbc.cs43.MyLogger</logger>
  <level>INFO</level>
  <class>eg.edu.alexu.csd.oop.jdbc.cs43.MyStatement$4</class>
  <method>run</method>
  <thread>167</thread>
  <message>an update query is executed</message>
</record>
<record>
  <date>2018-12-10T00:06:01</date>
  <millis>1544389561089</millis>
  <sequence>267</sequence>
  <logger>eg.edu.alexu.csd.oop.jdbc.cs43.MyLogger</logger>
  <level>INFO</level>
  <class>eg.edu.alexu.csd.oop.jdbc.cs43.MyStatement$4</class>
  <method>run</method>
  <thread>168</thread>
  <message>an update query is executed</message>
</record>
<record>
  <date>2018-12-10T00:06:01</date>
  <millis>1544389561090</millis>
  <sequence>268</sequence>
  <logger>eg.edu.alexu.csd.oop.jdbc.cs43.MyLogger</logger>
  <level>INFO</level>
  <class>eg.edu.alexu.csd.oop.jdbc.cs43.MyStatement$4</class>
  <method>run</method>
  <thread>169</thread>
  <message>an update query is executed</message>
</record>
<record>
  <date>2018-12-10T00:06:01</date>
  <millis>1544389561090</millis>
  <sequence>269</sequence>
  <logger>eg.edu.alexu.csd.oop.jdbc.cs43.MyLogger</logger>
  <level>INFO</level>
  <class>eg.edu.alexu.csd.oop.jdbc.cs43.MyStatement</class>
  <method>close</method>
  <thread>1</thread>
  <message>a statment is closed</message>
</record>
<record>
  <date>2018-12-10T00:06:01</date>
  <millis>1544389561094</millis>
  <sequence>270</sequence>
  <logger>eg.edu.alexu.csd.oop.jdbc.cs43.MyLogger</logger>
  <level>INFO</level>
  <class>eg.edu.alexu.csd.oop.jdbc.cs43.MyConnection</class>
  <method>close</method>
  <thread>1</thread>
  <message>connection to pathC:\Users\SHIKO\git\JDBC\sample\71103is closed</message>
</record>
<record>
  <date>2018-12-10T00:06:01</date>
  <millis>1544389561095</millis>
  <sequence>271</sequence>
  <logger>eg.edu.alexu.csd.oop.jdbc.cs43.MyLogger</logger>
  <level>INFO</level>
  <class>eg.edu.alexu.csd.oop.jdbc.cs43.MyStatement</class>
  <method>close</method>
  <thread>1</thread>
  <message>a statment is closed</message>
</record>
<record>
  <date>2018-12-10T00:06:01</date>
  <millis>1544389561095</millis>
  <sequence>272</sequence>
  <logger>eg.edu.alexu.csd.oop.jdbc.cs43.MyLogger</logger>
  <level>INFO</level>
  <class>eg.edu.alexu.csd.oop.jdbc.cs43.MyStatement</class>
  <method>close</method>
  <thread>1</thread>
  <message>a statment is closed</message>
</record>
<record>
  <date>2018-12-10T00:06:01</date>
  <millis>1544389561098</millis>
  <sequence>273</sequence>
  <logger>eg.edu.alexu.csd.oop.jdbc.cs43.MyLogger</logger>
  <level>INFO</level>
  <class>eg.edu.alexu.csd.oop.jdbc.cs43.JDBCDriver</class>
  <method>acceptsURL</method>
  <thread>1</thread>
  <message>url is accepted , jdbc driver is active now</message>
</record>
<record>
  <date>2018-12-10T00:06:01</date>
  <millis>1544389561099</millis>
  <sequence>274</sequence>
  <logger>eg.edu.alexu.csd.oop.jdbc.cs43.MyLogger</logger>
  <level>INFO</level>
  <class>eg.edu.alexu.csd.oop.jdbc.cs43.JDBCDriver</class>
  <method>connect</method>
  <thread>1</thread>
  <message>driver is connected to the pathC:\Users\SHIKO\git\JDBC\sample\22218</message>
</record>
<record>
  <date>2018-12-10T00:06:01</date>
  <millis>1544389561099</millis>
  <sequence>275</sequence>
  <logger>eg.edu.alexu.csd.oop.jdbc.cs43.MyLogger</logger>
  <level>INFO</level>
  <class>eg.edu.alexu.csd.oop.jdbc.cs43.MyConnection</class>
  <method>createStatement</method>
  <thread>1</thread>
  <message>a statement is created</message>
</record>
<record>
  <date>2018-12-10T00:06:01</date>
  <millis>1544389561099</millis>
  <sequence>276</sequence>
  <logger>eg.edu.alexu.csd.oop.jdbc.cs43.MyLogger</logger>
  <level>WARNING</level>
  <class>eg.edu.alexu.csd.oop.jdbc.cs43.MyConnection</class>
  <method>createStatement</method>
  <thread>1</thread>
  <message>call statement.close() to save changes</message>
</record>
<record>
  <date>2018-12-10T00:06:01</date>
  <millis>1544389561100</millis>
  <sequence>277</sequence>
  <logger>eg.edu.alexu.csd.oop.jdbc.cs43.MyLogger</logger>
  <level>INFO</level>
  <class>eg.edu.alexu.csd.oop.jdbc.cs43.MyStatement</class>
  <method>execute</method>
  <thread>1</thread>
  <message>a structure query is executed</message>
</record>
<record>
  <date>2018-12-10T00:06:01</date>
  <millis>1544389561102</millis>
  <sequence>278</sequence>
  <logger>eg.edu.alexu.csd.oop.jdbc.cs43.MyLogger</logger>
  <level>INFO</level>
  <class>eg.edu.alexu.csd.oop.jdbc.cs43.MyStatement</class>
  <method>execute</method>
  <thread>1</thread>
  <message>a structure query is executed</message>
</record>
<record>
  <date>2018-12-10T00:06:01</date>
  <millis>1544389561102</millis>
  <sequence>279</sequence>
  <logger>eg.edu.alexu.csd.oop.jdbc.cs43.MyLogger</logger>
  <level>INFO</level>
  <class>eg.edu.alexu.csd.oop.jdbc.cs43.MyStatement</class>
  <method>close</method>
  <thread>1</thread>
  <message>a statment is closed</message>
</record>
<record>
  <date>2018-12-10T00:06:01</date>
  <millis>1544389561102</millis>
  <sequence>280</sequence>
  <logger>eg.edu.alexu.csd.oop.jdbc.cs43.MyLogger</logger>
  <level>INFO</level>
  <class>eg.edu.alexu.csd.oop.jdbc.cs43.MyConnection</class>
  <method>createStatement</method>
  <thread>1</thread>
  <message>a statement is created</message>
</record>
<record>
  <date>2018-12-10T00:06:01</date>
  <millis>1544389561103</millis>
  <sequence>281</sequence>
  <logger>eg.edu.alexu.csd.oop.jdbc.cs43.MyLogger</logger>
  <level>WARNING</level>
  <class>eg.edu.alexu.csd.oop.jdbc.cs43.MyConnection</class>
  <method>createStatement</method>
  <thread>1</thread>
  <message>call statement.close() to save changes</message>
</record>
<record>
  <date>2018-12-10T00:06:01</date>
  <millis>1544389561111</millis>
  <sequence>282</sequence>
  <logger>eg.edu.alexu.csd.oop.jdbc.cs43.MyLogger</logger>
  <level>INFO</level>
  <class>eg.edu.alexu.csd.oop.jdbc.cs43.MyStatement</class>
  <method>execute</method>
  <thread>1</thread>
  <message>a structure query is executed</message>
</record>
<record>
  <date>2018-12-10T00:06:01</date>
  <millis>1544389561121</millis>
  <sequence>283</sequence>
  <logger>eg.edu.alexu.csd.oop.jdbc.cs43.MyLogger</logger>
  <level>INFO</level>
  <class>eg.edu.alexu.csd.oop.jdbc.cs43.MyStatement$4</class>
  <method>run</method>
  <thread>175</thread>
  <message>an update query is executed</message>
</record>
<record>
  <date>2018-12-10T00:06:01</date>
  <millis>1544389561122</millis>
  <sequence>284</sequence>
  <logger>eg.edu.alexu.csd.oop.jdbc.cs43.MyLogger</logger>
  <level>INFO</level>
  <class>eg.edu.alexu.csd.oop.jdbc.cs43.MyStatement</class>
  <method>close</method>
  <thread>1</thread>
  <message>a statment is closed</message>
</record>
<record>
  <date>2018-12-10T00:06:01</date>
  <millis>1544389561127</millis>
  <sequence>285</sequence>
  <logger>eg.edu.alexu.csd.oop.jdbc.cs43.MyLogger</logger>
  <level>INFO</level>
  <class>eg.edu.alexu.csd.oop.jdbc.cs43.MyConnection</class>
  <method>close</method>
  <thread>1</thread>
  <message>connection to pathC:\Users\SHIKO\git\JDBC\sample\22218is closed</message>
</record>
<record>
  <date>2018-12-10T00:06:01</date>
  <millis>1544389561127</millis>
  <sequence>286</sequence>
  <logger>eg.edu.alexu.csd.oop.jdbc.cs43.MyLogger</logger>
  <level>INFO</level>
  <class>eg.edu.alexu.csd.oop.jdbc.cs43.MyStatement</class>
  <method>close</method>
  <thread>1</thread>
  <message>a statment is closed</message>
</record>
<record>
  <date>2018-12-10T00:06:01</date>
  <millis>1544389561128</millis>
  <sequence>287</sequence>
  <logger>eg.edu.alexu.csd.oop.jdbc.cs43.MyLogger</logger>
  <level>INFO</level>
  <class>eg.edu.alexu.csd.oop.jdbc.cs43.MyStatement</class>
  <method>close</method>
  <thread>1</thread>
  <message>a statment is closed</message>
</record>
<record>
  <date>2018-12-10T00:06:01</date>
  <millis>1544389561132</millis>
  <sequence>288</sequence>
  <logger>eg.edu.alexu.csd.oop.jdbc.cs43.MyLogger</logger>
  <level>INFO</level>
  <class>eg.edu.alexu.csd.oop.jdbc.cs43.JDBCDriver</class>
  <method>acceptsURL</method>
  <thread>1</thread>
  <message>url is accepted , jdbc driver is active now</message>
</record>
<record>
  <date>2018-12-10T00:06:01</date>
  <millis>1544389561133</millis>
  <sequence>289</sequence>
  <logger>eg.edu.alexu.csd.oop.jdbc.cs43.MyLogger</logger>
  <level>INFO</level>
  <class>eg.edu.alexu.csd.oop.jdbc.cs43.JDBCDriver</class>
  <method>connect</method>
  <thread>1</thread>
  <message>driver is connected to the pathC:\Users\SHIKO\git\JDBC\sample\73004</message>
</record>
<record>
  <date>2018-12-10T00:06:01</date>
  <millis>1544389561133</millis>
  <sequence>290</sequence>
  <logger>eg.edu.alexu.csd.oop.jdbc.cs43.MyLogger</logger>
  <level>INFO</level>
  <class>eg.edu.alexu.csd.oop.jdbc.cs43.MyConnection</class>
  <method>createStatement</method>
  <thread>1</thread>
  <message>a statement is created</message>
</record>
<record>
  <date>2018-12-10T00:06:01</date>
  <millis>1544389561133</millis>
  <sequence>291</sequence>
  <logger>eg.edu.alexu.csd.oop.jdbc.cs43.MyLogger</logger>
  <level>WARNING</level>
  <class>eg.edu.alexu.csd.oop.jdbc.cs43.MyConnection</class>
  <method>createStatement</method>
  <thread>1</thread>
  <message>call statement.close() to save changes</message>
</record>
<record>
  <date>2018-12-10T00:06:01</date>
  <millis>1544389561134</millis>
  <sequence>292</sequence>
  <logger>eg.edu.alexu.csd.oop.jdbc.cs43.MyLogger</logger>
  <level>INFO</level>
  <class>eg.edu.alexu.csd.oop.jdbc.cs43.MyStatement</class>
  <method>execute</method>
  <thread>1</thread>
  <message>a structure query is executed</message>
</record>
<record>
  <date>2018-12-10T00:06:01</date>
  <millis>1544389561138</millis>
  <sequence>293</sequence>
  <logger>eg.edu.alexu.csd.oop.jdbc.cs43.MyLogger</logger>
  <level>INFO</level>
  <class>eg.edu.alexu.csd.oop.jdbc.cs43.MyStatement</class>
  <method>execute</method>
  <thread>1</thread>
  <message>a structure query is executed</message>
</record>
<record>
  <date>2018-12-10T00:06:01</date>
  <millis>1544389561138</millis>
  <sequence>294</sequence>
  <logger>eg.edu.alexu.csd.oop.jdbc.cs43.MyLogger</logger>
  <level>INFO</level>
  <class>eg.edu.alexu.csd.oop.jdbc.cs43.MyStatement</class>
  <method>close</method>
  <thread>1</thread>
  <message>a statment is closed</message>
</record>
<record>
  <date>2018-12-10T00:06:01</date>
  <millis>1544389561139</millis>
  <sequence>295</sequence>
  <logger>eg.edu.alexu.csd.oop.jdbc.cs43.MyLogger</logger>
  <level>INFO</level>
  <class>eg.edu.alexu.csd.oop.jdbc.cs43.MyConnection</class>
  <method>createStatement</method>
  <thread>1</thread>
  <message>a statement is created</message>
</record>
<record>
  <date>2018-12-10T00:06:01</date>
  <millis>1544389561139</millis>
  <sequence>296</sequence>
  <logger>eg.edu.alexu.csd.oop.jdbc.cs43.MyLogger</logger>
  <level>WARNING</level>
  <class>eg.edu.alexu.csd.oop.jdbc.cs43.MyConnection</class>
  <method>createStatement</method>
  <thread>1</thread>
  <message>call statement.close() to save changes</message>
</record>
<record>
  <date>2018-12-10T00:06:01</date>
  <millis>1544389561151</millis>
  <sequence>297</sequence>
  <logger>eg.edu.alexu.csd.oop.jdbc.cs43.MyLogger</logger>
  <level>INFO</level>
  <class>eg.edu.alexu.csd.oop.jdbc.cs43.MyStatement</class>
  <method>execute</method>
  <thread>1</thread>
  <message>a structure query is executed</message>
</record>
<record>
  <date>2018-12-10T00:06:01</date>
  <millis>1544389561157</millis>
  <sequence>298</sequence>
  <logger>eg.edu.alexu.csd.oop.jdbc.cs43.MyLogger</logger>
  <level>INFO</level>
  <class>eg.edu.alexu.csd.oop.jdbc.cs43.MyStatement$4</class>
  <method>run</method>
  <thread>182</thread>
  <message>an update query is executed</message>
</record>
<record>
  <date>2018-12-10T00:06:01</date>
  <millis>1544389561158</millis>
  <sequence>299</sequence>
  <logger>eg.edu.alexu.csd.oop.jdbc.cs43.MyLogger</logger>
  <level>INFO</level>
  <class>eg.edu.alexu.csd.oop.jdbc.cs43.MyStatement$4</class>
  <method>run</method>
  <thread>184</thread>
  <message>an update query is executed</message>
</record>
<record>
  <date>2018-12-10T00:06:01</date>
  <millis>1544389561159</millis>
  <sequence>300</sequence>
  <logger>eg.edu.alexu.csd.oop.jdbc.cs43.MyLogger</logger>
  <level>INFO</level>
  <class>eg.edu.alexu.csd.oop.jdbc.cs43.MyStatement$4</class>
  <method>run</method>
  <thread>185</thread>
  <message>an update query is executed</message>
</record>
<record>
  <date>2018-12-10T00:06:01</date>
  <millis>1544389561160</millis>
  <sequence>301</sequence>
  <logger>eg.edu.alexu.csd.oop.jdbc.cs43.MyLogger</logger>
  <level>INFO</level>
  <class>eg.edu.alexu.csd.oop.jdbc.cs43.MyStatement$4</class>
  <method>run</method>
  <thread>186</thread>
  <message>an update query is executed</message>
</record>
<record>
  <date>2018-12-10T00:06:01</date>
  <millis>1544389561160</millis>
  <sequence>302</sequence>
  <logger>eg.edu.alexu.csd.oop.jdbc.cs43.MyLogger</logger>
  <level>INFO</level>
  <class>eg.edu.alexu.csd.oop.jdbc.cs43.MyStatement</class>
  <method>executeQuery</method>
  <thread>1</thread>
  <message>a select query is executed</message>
</record>
<record>
  <date>2018-12-10T00:06:01</date>
  <millis>1544389561161</millis>
  <sequence>303</sequence>
  <logger>eg.edu.alexu.csd.oop.jdbc.cs43.MyLogger</logger>
  <level>INFO</level>
  <class>eg.edu.alexu.csd.oop.jdbc.cs43.MyStatement</class>
  <method>close</method>
  <thread>1</thread>
  <message>a statment is closed</message>
</record>
<record>
  <date>2018-12-10T00:06:01</date>
  <millis>1544389561164</millis>
  <sequence>304</sequence>
  <logger>eg.edu.alexu.csd.oop.jdbc.cs43.MyLogger</logger>
  <level>INFO</level>
  <class>eg.edu.alexu.csd.oop.jdbc.cs43.MyConnection</class>
  <method>close</method>
  <thread>1</thread>
  <message>connection to pathC:\Users\SHIKO\git\JDBC\sample\73004is closed</message>
</record>
<record>
  <date>2018-12-10T00:06:01</date>
  <millis>1544389561165</millis>
  <sequence>305</sequence>
  <logger>eg.edu.alexu.csd.oop.jdbc.cs43.MyLogger</logger>
  <level>INFO</level>
  <class>eg.edu.alexu.csd.oop.jdbc.cs43.MyStatement</class>
  <method>close</method>
  <thread>1</thread>
  <message>a statment is closed</message>
</record>
<record>
  <date>2018-12-10T00:06:01</date>
  <millis>1544389561165</millis>
  <sequence>306</sequence>
  <logger>eg.edu.alexu.csd.oop.jdbc.cs43.MyLogger</logger>
  <level>INFO</level>
  <class>eg.edu.alexu.csd.oop.jdbc.cs43.MyStatement</class>
  <method>close</method>
  <thread>1</thread>
  <message>a statment is closed</message>
</record>
<record>
  <date>2018-12-10T00:06:01</date>
  <millis>1544389561169</millis>
  <sequence>307</sequence>
  <logger>eg.edu.alexu.csd.oop.jdbc.cs43.MyLogger</logger>
  <level>INFO</level>
  <class>eg.edu.alexu.csd.oop.jdbc.cs43.JDBCDriver</class>
  <method>acceptsURL</method>
  <thread>1</thread>
  <message>url is accepted , jdbc driver is active now</message>
</record>
<record>
  <date>2018-12-10T00:06:01</date>
  <millis>1544389561169</millis>
  <sequence>308</sequence>
  <logger>eg.edu.alexu.csd.oop.jdbc.cs43.MyLogger</logger>
  <level>INFO</level>
  <class>eg.edu.alexu.csd.oop.jdbc.cs43.JDBCDriver</class>
  <method>connect</method>
  <thread>1</thread>
  <message>driver is connected to the pathC:\Users\SHIKO\git\JDBC\sample\13018</message>
</record>
<record>
  <date>2018-12-10T00:06:01</date>
  <millis>1544389561169</millis>
  <sequence>309</sequence>
  <logger>eg.edu.alexu.csd.oop.jdbc.cs43.MyLogger</logger>
  <level>INFO</level>
  <class>eg.edu.alexu.csd.oop.jdbc.cs43.MyConnection</class>
  <method>createStatement</method>
  <thread>1</thread>
  <message>a statement is created</message>
</record>
<record>
  <date>2018-12-10T00:06:01</date>
  <millis>1544389561169</millis>
  <sequence>310</sequence>
  <logger>eg.edu.alexu.csd.oop.jdbc.cs43.MyLogger</logger>
  <level>WARNING</level>
  <class>eg.edu.alexu.csd.oop.jdbc.cs43.MyConnection</class>
  <method>createStatement</method>
  <thread>1</thread>
  <message>call statement.close() to save changes</message>
</record>
<record>
  <date>2018-12-10T00:06:01</date>
  <millis>1544389561171</millis>
  <sequence>311</sequence>
  <logger>eg.edu.alexu.csd.oop.jdbc.cs43.MyLogger</logger>
  <level>INFO</level>
  <class>eg.edu.alexu.csd.oop.jdbc.cs43.MyStatement</class>
  <method>execute</method>
  <thread>1</thread>
  <message>a structure query is executed</message>
</record>
<record>
  <date>2018-12-10T00:06:01</date>
  <millis>1544389561173</millis>
  <sequence>312</sequence>
  <logger>eg.edu.alexu.csd.oop.jdbc.cs43.MyLogger</logger>
  <level>INFO</level>
  <class>eg.edu.alexu.csd.oop.jdbc.cs43.MyStatement</class>
  <method>execute</method>
  <thread>1</thread>
  <message>a structure query is executed</message>
</record>
<record>
  <date>2018-12-10T00:06:01</date>
  <millis>1544389561173</millis>
  <sequence>313</sequence>
  <logger>eg.edu.alexu.csd.oop.jdbc.cs43.MyLogger</logger>
  <level>INFO</level>
  <class>eg.edu.alexu.csd.oop.jdbc.cs43.MyStatement</class>
  <method>close</method>
  <thread>1</thread>
  <message>a statment is closed</message>
</record>
<record>
  <date>2018-12-10T00:06:01</date>
  <millis>1544389561174</millis>
  <sequence>314</sequence>
  <logger>eg.edu.alexu.csd.oop.jdbc.cs43.MyLogger</logger>
  <level>INFO</level>
  <class>eg.edu.alexu.csd.oop.jdbc.cs43.MyConnection</class>
  <method>createStatement</method>
  <thread>1</thread>
  <message>a statement is created</message>
</record>
<record>
  <date>2018-12-10T00:06:01</date>
  <millis>1544389561174</millis>
  <sequence>315</sequence>
  <logger>eg.edu.alexu.csd.oop.jdbc.cs43.MyLogger</logger>
  <level>WARNING</level>
  <class>eg.edu.alexu.csd.oop.jdbc.cs43.MyConnection</class>
  <method>createStatement</method>
  <thread>1</thread>
  <message>call statement.close() to save changes</message>
</record>
<record>
  <date>2018-12-10T00:06:01</date>
  <millis>1544389561188</millis>
  <sequence>316</sequence>
  <logger>eg.edu.alexu.csd.oop.jdbc.cs43.MyLogger</logger>
  <level>INFO</level>
  <class>eg.edu.alexu.csd.oop.jdbc.cs43.MyStatement</class>
  <method>execute</method>
  <thread>1</thread>
  <message>a structure query is executed</message>
</record>
<record>
  <date>2018-12-10T00:06:01</date>
  <millis>1544389561195</millis>
  <sequence>317</sequence>
  <logger>eg.edu.alexu.csd.oop.jdbc.cs43.MyLogger</logger>
  <level>INFO</level>
  <class>eg.edu.alexu.csd.oop.jdbc.cs43.MyStatement$4</class>
  <method>run</method>
  <thread>193</thread>
  <message>an update query is executed</message>
</record>
<record>
  <date>2018-12-10T00:06:01</date>
  <millis>1544389561200</millis>
  <sequence>318</sequence>
  <logger>eg.edu.alexu.csd.oop.jdbc.cs43.MyLogger</logger>
  <level>INFO</level>
  <class>eg.edu.alexu.csd.oop.jdbc.cs43.MyStatement$4</class>
  <method>run</method>
  <thread>195</thread>
  <message>an update query is executed</message>
</record>
<record>
  <date>2018-12-10T00:06:01</date>
  <millis>1544389561203</millis>
  <sequence>319</sequence>
  <logger>eg.edu.alexu.csd.oop.jdbc.cs43.MyLogger</logger>
  <level>INFO</level>
  <class>eg.edu.alexu.csd.oop.jdbc.cs43.MyStatement$4</class>
  <method>run</method>
  <thread>196</thread>
  <message>an update query is executed</message>
</record>
<record>
  <date>2018-12-10T00:06:01</date>
  <millis>1544389561211</millis>
  <sequence>320</sequence>
  <logger>eg.edu.alexu.csd.oop.jdbc.cs43.MyLogger</logger>
  <level>INFO</level>
  <class>eg.edu.alexu.csd.oop.jdbc.cs43.MyStatement$4</class>
  <method>run</method>
  <thread>197</thread>
  <message>an update query is executed</message>
</record>
<record>
  <date>2018-12-10T00:06:01</date>
  <millis>1544389561211</millis>
  <sequence>321</sequence>
  <logger>eg.edu.alexu.csd.oop.jdbc.cs43.MyLogger</logger>
  <level>INFO</level>
  <class>eg.edu.alexu.csd.oop.jdbc.cs43.MyStatement</class>
  <method>close</method>
  <thread>1</thread>
  <message>a statment is closed</message>
</record>
<record>
  <date>2018-12-10T00:06:01</date>
  <millis>1544389561220</millis>
  <sequence>322</sequence>
  <logger>eg.edu.alexu.csd.oop.jdbc.cs43.MyLogger</logger>
  <level>INFO</level>
  <class>eg.edu.alexu.csd.oop.jdbc.cs43.MyConnection</class>
  <method>close</method>
  <thread>1</thread>
  <message>connection to pathC:\Users\SHIKO\git\JDBC\sample\13018is closed</message>
</record>
<record>
  <date>2018-12-10T00:06:01</date>
  <millis>1544389561220</millis>
  <sequence>323</sequence>
  <logger>eg.edu.alexu.csd.oop.jdbc.cs43.MyLogger</logger>
  <level>INFO</level>
  <class>eg.edu.alexu.csd.oop.jdbc.cs43.MyStatement</class>
  <method>close</method>
  <thread>1</thread>
  <message>a statment is closed</message>
</record>
<record>
  <date>2018-12-10T00:06:01</date>
  <millis>1544389561221</millis>
  <sequence>324</sequence>
  <logger>eg.edu.alexu.csd.oop.jdbc.cs43.MyLogger</logger>
  <level>INFO</level>
  <class>eg.edu.alexu.csd.oop.jdbc.cs43.MyStatement</class>
  <method>close</method>
  <thread>1</thread>
  <message>a statment is closed</message>
</record>
<record>
  <date>2018-12-10T00:06:01</date>
  <millis>1544389561226</millis>
  <sequence>325</sequence>
  <logger>eg.edu.alexu.csd.oop.jdbc.cs43.MyLogger</logger>
  <level>INFO</level>
  <class>eg.edu.alexu.csd.oop.jdbc.cs43.JDBCDriver</class>
  <method>acceptsURL</method>
  <thread>1</thread>
  <message>url is accepted , jdbc driver is active now</message>
</record>
<record>
  <date>2018-12-10T00:06:01</date>
  <millis>1544389561226</millis>
  <sequence>326</sequence>
  <logger>eg.edu.alexu.csd.oop.jdbc.cs43.MyLogger</logger>
  <level>INFO</level>
  <class>eg.edu.alexu.csd.oop.jdbc.cs43.JDBCDriver</class>
  <method>connect</method>
  <thread>1</thread>
  <message>driver is connected to the pathC:\Users\SHIKO\git\JDBC\sample\73088</message>
</record>
<record>
  <date>2018-12-10T00:06:01</date>
  <millis>1544389561227</millis>
  <sequence>327</sequence>
  <logger>eg.edu.alexu.csd.oop.jdbc.cs43.MyLogger</logger>
  <level>INFO</level>
  <class>eg.edu.alexu.csd.oop.jdbc.cs43.MyConnection</class>
  <method>createStatement</method>
  <thread>1</thread>
  <message>a statement is created</message>
</record>
<record>
  <date>2018-12-10T00:06:01</date>
  <millis>1544389561227</millis>
  <sequence>328</sequence>
  <logger>eg.edu.alexu.csd.oop.jdbc.cs43.MyLogger</logger>
  <level>WARNING</level>
  <class>eg.edu.alexu.csd.oop.jdbc.cs43.MyConnection</class>
  <method>createStatement</method>
  <thread>1</thread>
  <message>call statement.close() to save changes</message>
</record>
<record>
  <date>2018-12-10T00:06:01</date>
  <millis>1544389561229</millis>
  <sequence>329</sequence>
  <logger>eg.edu.alexu.csd.oop.jdbc.cs43.MyLogger</logger>
  <level>INFO</level>
  <class>eg.edu.alexu.csd.oop.jdbc.cs43.MyStatement</class>
  <method>execute</method>
  <thread>1</thread>
  <message>a structure query is executed</message>
</record>
<record>
  <date>2018-12-10T00:06:01</date>
  <millis>1544389561234</millis>
  <sequence>330</sequence>
  <logger>eg.edu.alexu.csd.oop.jdbc.cs43.MyLogger</logger>
  <level>INFO</level>
  <class>eg.edu.alexu.csd.oop.jdbc.cs43.MyStatement</class>
  <method>execute</method>
  <thread>1</thread>
  <message>a structure query is executed</message>
</record>
<record>
  <date>2018-12-10T00:06:01</date>
  <millis>1544389561235</millis>
  <sequence>331</sequence>
  <logger>eg.edu.alexu.csd.oop.jdbc.cs43.MyLogger</logger>
  <level>INFO</level>
  <class>eg.edu.alexu.csd.oop.jdbc.cs43.MyStatement</class>
  <method>close</method>
  <thread>1</thread>
  <message>a statment is closed</message>
</record>
<record>
  <date>2018-12-10T00:06:01</date>
  <millis>1544389561235</millis>
  <sequence>332</sequence>
  <logger>eg.edu.alexu.csd.oop.jdbc.cs43.MyLogger</logger>
  <level>INFO</level>
  <class>eg.edu.alexu.csd.oop.jdbc.cs43.MyConnection</class>
  <method>createStatement</method>
  <thread>1</thread>
  <message>a statement is created</message>
</record>
<record>
  <date>2018-12-10T00:06:01</date>
  <millis>1544389561236</millis>
  <sequence>333</sequence>
  <logger>eg.edu.alexu.csd.oop.jdbc.cs43.MyLogger</logger>
  <level>WARNING</level>
  <class>eg.edu.alexu.csd.oop.jdbc.cs43.MyConnection</class>
  <method>createStatement</method>
  <thread>1</thread>
  <message>call statement.close() to save changes</message>
</record>
<record>
  <date>2018-12-10T00:06:01</date>
  <millis>1544389561251</millis>
  <sequence>334</sequence>
  <logger>eg.edu.alexu.csd.oop.jdbc.cs43.MyLogger</logger>
  <level>INFO</level>
  <class>eg.edu.alexu.csd.oop.jdbc.cs43.MyStatement</class>
  <method>execute</method>
  <thread>1</thread>
  <message>a structure query is executed</message>
</record>
<record>
  <date>2018-12-10T00:06:01</date>
  <millis>1544389561264</millis>
  <sequence>335</sequence>
  <logger>eg.edu.alexu.csd.oop.jdbc.cs43.MyLogger</logger>
  <level>INFO</level>
  <class>eg.edu.alexu.csd.oop.jdbc.cs43.MyStatement$4</class>
  <method>run</method>
  <thread>204</thread>
  <message>an update query is executed</message>
</record>
<record>
  <date>2018-12-10T00:06:01</date>
  <millis>1544389561264</millis>
  <sequence>336</sequence>
  <logger>eg.edu.alexu.csd.oop.jdbc.cs43.MyLogger</logger>
  <level>INFO</level>
  <class>eg.edu.alexu.csd.oop.jdbc.cs43.MyConnection</class>
  <method>close</method>
  <thread>1</thread>
  <message>connection to pathC:\Users\SHIKO\git\JDBC\sample\73088is closed</message>
</record>
<record>
  <date>2018-12-10T00:06:01</date>
  <millis>1544389561264</millis>
  <sequence>337</sequence>
  <logger>eg.edu.alexu.csd.oop.jdbc.cs43.MyLogger</logger>
  <level>INFO</level>
  <class>eg.edu.alexu.csd.oop.jdbc.cs43.MyStatement</class>
  <method>close</method>
  <thread>1</thread>
  <message>a statment is closed</message>
</record>
<record>
  <date>2018-12-10T00:06:01</date>
  <millis>1544389561285</millis>
  <sequence>338</sequence>
  <logger>eg.edu.alexu.csd.oop.jdbc.cs43.MyLogger</logger>
  <level>INFO</level>
  <class>eg.edu.alexu.csd.oop.jdbc.cs43.MyStatement</class>
  <method>close</method>
  <thread>1</thread>
  <message>a statment is closed</message>
</record>
<record>
  <date>2018-12-10T00:06:01</date>
  <millis>1544389561291</millis>
  <sequence>339</sequence>
  <logger>eg.edu.alexu.csd.oop.jdbc.cs43.MyLogger</logger>
  <level>INFO</level>
  <class>eg.edu.alexu.csd.oop.jdbc.cs43.JDBCDriver</class>
  <method>acceptsURL</method>
  <thread>1</thread>
  <message>url is accepted , jdbc driver is active now</message>
</record>
<record>
  <date>2018-12-10T00:06:01</date>
  <millis>1544389561292</millis>
  <sequence>340</sequence>
  <logger>eg.edu.alexu.csd.oop.jdbc.cs43.MyLogger</logger>
  <level>INFO</level>
  <class>eg.edu.alexu.csd.oop.jdbc.cs43.JDBCDriver</class>
  <method>connect</method>
  <thread>1</thread>
  <message>driver is connected to the pathC:\Users\SHIKO\git\JDBC\sample\55890</message>
</record>
<record>
  <date>2018-12-10T00:06:01</date>
  <millis>1544389561292</millis>
  <sequence>341</sequence>
  <logger>eg.edu.alexu.csd.oop.jdbc.cs43.MyLogger</logger>
  <level>INFO</level>
  <class>eg.edu.alexu.csd.oop.jdbc.cs43.MyConnection</class>
  <method>createStatement</method>
  <thread>1</thread>
  <message>a statement is created</message>
</record>
<record>
  <date>2018-12-10T00:06:01</date>
  <millis>1544389561293</millis>
  <sequence>342</sequence>
  <logger>eg.edu.alexu.csd.oop.jdbc.cs43.MyLogger</logger>
  <level>WARNING</level>
  <class>eg.edu.alexu.csd.oop.jdbc.cs43.MyConnection</class>
  <method>createStatement</method>
  <thread>1</thread>
  <message>call statement.close() to save changes</message>
</record>
<record>
  <date>2018-12-10T00:06:01</date>
  <millis>1544389561311</millis>
  <sequence>343</sequence>
  <logger>eg.edu.alexu.csd.oop.jdbc.cs43.MyLogger</logger>
  <level>INFO</level>
  <class>eg.edu.alexu.csd.oop.jdbc.cs43.MyStatement</class>
  <method>execute</method>
  <thread>1</thread>
  <message>a structure query is executed</message>
</record>
<record>
  <date>2018-12-10T00:06:01</date>
  <millis>1544389561315</millis>
  <sequence>344</sequence>
  <logger>eg.edu.alexu.csd.oop.jdbc.cs43.MyLogger</logger>
  <level>INFO</level>
  <class>eg.edu.alexu.csd.oop.jdbc.cs43.MyStatement</class>
  <method>execute</method>
  <thread>1</thread>
  <message>a structure query is executed</message>
</record>
<record>
  <date>2018-12-10T00:06:01</date>
  <millis>1544389561315</millis>
  <sequence>345</sequence>
  <logger>eg.edu.alexu.csd.oop.jdbc.cs43.MyLogger</logger>
  <level>INFO</level>
  <class>eg.edu.alexu.csd.oop.jdbc.cs43.MyStatement</class>
  <method>close</method>
  <thread>1</thread>
  <message>a statment is closed</message>
</record>
<record>
  <date>2018-12-10T00:06:01</date>
  <millis>1544389561316</millis>
  <sequence>346</sequence>
  <logger>eg.edu.alexu.csd.oop.jdbc.cs43.MyLogger</logger>
  <level>INFO</level>
  <class>eg.edu.alexu.csd.oop.jdbc.cs43.MyConnection</class>
  <method>createStatement</method>
  <thread>1</thread>
  <message>a statement is created</message>
</record>
<record>
  <date>2018-12-10T00:06:01</date>
  <millis>1544389561317</millis>
  <sequence>347</sequence>
  <logger>eg.edu.alexu.csd.oop.jdbc.cs43.MyLogger</logger>
  <level>WARNING</level>
  <class>eg.edu.alexu.csd.oop.jdbc.cs43.MyConnection</class>
  <method>createStatement</method>
  <thread>1</thread>
  <message>call statement.close() to save changes</message>
</record>
<record>
  <date>2018-12-10T00:06:01</date>
  <millis>1544389561330</millis>
  <sequence>348</sequence>
  <logger>eg.edu.alexu.csd.oop.jdbc.cs43.MyLogger</logger>
  <level>INFO</level>
  <class>eg.edu.alexu.csd.oop.jdbc.cs43.MyStatement</class>
  <method>execute</method>
  <thread>1</thread>
  <message>a structure query is executed</message>
</record>
<record>
  <date>2018-12-10T00:06:01</date>
  <millis>1544389561339</millis>
  <sequence>349</sequence>
  <logger>eg.edu.alexu.csd.oop.jdbc.cs43.MyLogger</logger>
  <level>INFO</level>
  <class>eg.edu.alexu.csd.oop.jdbc.cs43.MyStatement$4</class>
  <method>run</method>
  <thread>210</thread>
  <message>an update query is executed</message>
</record>
<record>
  <date>2018-12-10T00:06:01</date>
  <millis>1544389561340</millis>
  <sequence>350</sequence>
  <logger>eg.edu.alexu.csd.oop.jdbc.cs43.MyLogger</logger>
  <level>INFO</level>
  <class>eg.edu.alexu.csd.oop.jdbc.cs43.MyConnection</class>
  <method>close</method>
  <thread>1</thread>
  <message>connection to pathC:\Users\SHIKO\git\JDBC\sample\55890is closed</message>
</record>
<record>
  <date>2018-12-10T00:06:01</date>
  <millis>1544389561340</millis>
  <sequence>351</sequence>
  <logger>eg.edu.alexu.csd.oop.jdbc.cs43.MyLogger</logger>
  <level>INFO</level>
  <class>eg.edu.alexu.csd.oop.jdbc.cs43.MyStatement</class>
  <method>close</method>
  <thread>1</thread>
  <message>a statment is closed</message>
</record>
<record>
  <date>2018-12-10T00:06:01</date>
  <millis>1544389561344</millis>
  <sequence>352</sequence>
  <logger>eg.edu.alexu.csd.oop.jdbc.cs43.MyLogger</logger>
  <level>INFO</level>
  <class>eg.edu.alexu.csd.oop.jdbc.cs43.MyStatement</class>
  <method>close</method>
  <thread>1</thread>
  <message>a statment is closed</message>
</record>
<record>
  <date>2018-12-10T00:06:01</date>
  <millis>1544389561348</millis>
  <sequence>353</sequence>
  <logger>eg.edu.alexu.csd.oop.jdbc.cs43.MyLogger</logger>
  <level>INFO</level>
  <class>eg.edu.alexu.csd.oop.jdbc.cs43.JDBCDriver</class>
  <method>acceptsURL</method>
  <thread>1</thread>
  <message>url is accepted , jdbc driver is active now</message>
</record>
<record>
  <date>2018-12-10T00:06:01</date>
  <millis>1544389561348</millis>
  <sequence>354</sequence>
  <logger>eg.edu.alexu.csd.oop.jdbc.cs43.MyLogger</logger>
  <level>INFO</level>
  <class>eg.edu.alexu.csd.oop.jdbc.cs43.JDBCDriver</class>
  <method>connect</method>
  <thread>1</thread>
  <message>driver is connected to the pathC:\Users\SHIKO\git\JDBC\sample\10500</message>
</record>
<record>
  <date>2018-12-10T00:06:01</date>
  <millis>1544389561349</millis>
  <sequence>355</sequence>
  <logger>eg.edu.alexu.csd.oop.jdbc.cs43.MyLogger</logger>
  <level>INFO</level>
  <class>eg.edu.alexu.csd.oop.jdbc.cs43.MyConnection</class>
  <method>createStatement</method>
  <thread>1</thread>
  <message>a statement is created</message>
</record>
<record>
  <date>2018-12-10T00:06:01</date>
  <millis>1544389561349</millis>
  <sequence>356</sequence>
  <logger>eg.edu.alexu.csd.oop.jdbc.cs43.MyLogger</logger>
  <level>WARNING</level>
  <class>eg.edu.alexu.csd.oop.jdbc.cs43.MyConnection</class>
  <method>createStatement</method>
  <thread>1</thread>
  <message>call statement.close() to save changes</message>
</record>
<record>
  <date>2018-12-10T00:06:01</date>
  <millis>1544389561350</millis>
  <sequence>357</sequence>
  <logger>eg.edu.alexu.csd.oop.jdbc.cs43.MyLogger</logger>
  <level>INFO</level>
  <class>eg.edu.alexu.csd.oop.jdbc.cs43.MyStatement</class>
  <method>execute</method>
  <thread>1</thread>
  <message>a structure query is executed</message>
</record>
<record>
  <date>2018-12-10T00:06:01</date>
  <millis>1544389561352</millis>
  <sequence>358</sequence>
  <logger>eg.edu.alexu.csd.oop.jdbc.cs43.MyLogger</logger>
  <level>INFO</level>
  <class>eg.edu.alexu.csd.oop.jdbc.cs43.MyStatement</class>
  <method>execute</method>
  <thread>1</thread>
  <message>a structure query is executed</message>
</record>
<record>
  <date>2018-12-10T00:06:01</date>
  <millis>1544389561352</millis>
  <sequence>359</sequence>
  <logger>eg.edu.alexu.csd.oop.jdbc.cs43.MyLogger</logger>
  <level>INFO</level>
  <class>eg.edu.alexu.csd.oop.jdbc.cs43.MyStatement</class>
  <method>close</method>
  <thread>1</thread>
  <message>a statment is closed</message>
</record>
<record>
  <date>2018-12-10T00:06:01</date>
  <millis>1544389561352</millis>
  <sequence>360</sequence>
  <logger>eg.edu.alexu.csd.oop.jdbc.cs43.MyLogger</logger>
  <level>INFO</level>
  <class>eg.edu.alexu.csd.oop.jdbc.cs43.MyConnection</class>
  <method>createStatement</method>
  <thread>1</thread>
  <message>a statement is created</message>
</record>
<record>
  <date>2018-12-10T00:06:01</date>
  <millis>1544389561353</millis>
  <sequence>361</sequence>
  <logger>eg.edu.alexu.csd.oop.jdbc.cs43.MyLogger</logger>
  <level>WARNING</level>
  <class>eg.edu.alexu.csd.oop.jdbc.cs43.MyConnection</class>
  <method>createStatement</method>
  <thread>1</thread>
  <message>call statement.close() to save changes</message>
</record>
<record>
  <date>2018-12-10T00:06:01</date>
  <millis>1544389561361</millis>
  <sequence>362</sequence>
  <logger>eg.edu.alexu.csd.oop.jdbc.cs43.MyLogger</logger>
  <level>INFO</level>
  <class>eg.edu.alexu.csd.oop.jdbc.cs43.MyStatement</class>
  <method>execute</method>
  <thread>1</thread>
  <message>a structure query is executed</message>
</record>
<record>
  <date>2018-12-10T00:06:01</date>
  <millis>1544389561368</millis>
  <sequence>363</sequence>
  <logger>eg.edu.alexu.csd.oop.jdbc.cs43.MyLogger</logger>
  <level>INFO</level>
  <class>eg.edu.alexu.csd.oop.jdbc.cs43.MyStatement$4</class>
  <method>run</method>
  <thread>216</thread>
  <message>an update query is executed</message>
</record>
<record>
  <date>2018-12-10T00:06:01</date>
  <millis>1544389561369</millis>
  <sequence>364</sequence>
  <logger>eg.edu.alexu.csd.oop.jdbc.cs43.MyLogger</logger>
  <level>INFO</level>
  <class>eg.edu.alexu.csd.oop.jdbc.cs43.MyStatement$4</class>
  <method>run</method>
  <thread>218</thread>
  <message>an update query is executed</message>
</record>
<record>
  <date>2018-12-10T00:06:01</date>
  <millis>1544389561370</millis>
  <sequence>365</sequence>
  <logger>eg.edu.alexu.csd.oop.jdbc.cs43.MyLogger</logger>
  <level>INFO</level>
  <class>eg.edu.alexu.csd.oop.jdbc.cs43.MyStatement$4</class>
  <method>run</method>
  <thread>219</thread>
  <message>an update query is executed</message>
</record>
<record>
  <date>2018-12-10T00:06:01</date>
  <millis>1544389561371</millis>
  <sequence>366</sequence>
  <logger>eg.edu.alexu.csd.oop.jdbc.cs43.MyLogger</logger>
  <level>INFO</level>
  <class>eg.edu.alexu.csd.oop.jdbc.cs43.MyStatement$4</class>
  <method>run</method>
  <thread>220</thread>
  <message>an update query is executed</message>
</record>
<record>
  <date>2018-12-10T00:06:01</date>
  <millis>1544389561371</millis>
  <sequence>367</sequence>
  <logger>eg.edu.alexu.csd.oop.jdbc.cs43.MyLogger</logger>
  <level>INFO</level>
  <class>eg.edu.alexu.csd.oop.jdbc.cs43.MyStatement</class>
  <method>close</method>
  <thread>1</thread>
  <message>a statment is closed</message>
</record>
<record>
  <date>2018-12-10T00:06:01</date>
  <millis>1544389561380</millis>
  <sequence>368</sequence>
  <logger>eg.edu.alexu.csd.oop.jdbc.cs43.MyLogger</logger>
  <level>INFO</level>
  <class>eg.edu.alexu.csd.oop.jdbc.cs43.MyConnection</class>
  <method>close</method>
  <thread>1</thread>
  <message>connection to pathC:\Users\SHIKO\git\JDBC\sample\10500is closed</message>
</record>
<record>
  <date>2018-12-10T00:06:01</date>
  <millis>1544389561380</millis>
  <sequence>369</sequence>
  <logger>eg.edu.alexu.csd.oop.jdbc.cs43.MyLogger</logger>
  <level>INFO</level>
  <class>eg.edu.alexu.csd.oop.jdbc.cs43.MyStatement</class>
  <method>close</method>
  <thread>1</thread>
  <message>a statment is closed</message>
</record>
<record>
  <date>2018-12-10T00:06:01</date>
  <millis>1544389561380</millis>
  <sequence>370</sequence>
  <logger>eg.edu.alexu.csd.oop.jdbc.cs43.MyLogger</logger>
  <level>INFO</level>
  <class>eg.edu.alexu.csd.oop.jdbc.cs43.MyStatement</class>
  <method>close</method>
  <thread>1</thread>
  <message>a statment is closed</message>
</record>
</log>
